Archive member included to satisfy reference by file (symbol)

c:/progra~2/gnuarm~1/102021~1.10/bin/../lib/gcc/arm-none-eabi/10.3.1/thumb/v6-m/nofp\libgcc.a(_dvmd_tls.o)
                              CMakeFiles/pico-sc.dir/C_/Users/Soji/src/pico/downloads/pico-sdk/src/rp2_common/pico_divider/divider.S.obj (__aeabi_idiv0)
c:/progra~2/gnuarm~1/102021~1.10/bin/../lib/gcc/arm-none-eabi/10.3.1/../../../../arm-none-eabi/lib/thumb/v6-m/nofp\libg.a(lib_a-calloc.o)
                              CMakeFiles/pico-sc.dir/C_/Users/Soji/src/pico/downloads/pico-sdk/src/rp2_common/pico_malloc/pico_malloc.c.obj (calloc)
c:/progra~2/gnuarm~1/102021~1.10/bin/../lib/gcc/arm-none-eabi/10.3.1/../../../../arm-none-eabi/lib/thumb/v6-m/nofp\libg.a(lib_a-callocr.o)
                              c:/progra~2/gnuarm~1/102021~1.10/bin/../lib/gcc/arm-none-eabi/10.3.1/../../../../arm-none-eabi/lib/thumb/v6-m/nofp\libg.a(lib_a-calloc.o) (_calloc_r)
c:/progra~2/gnuarm~1/102021~1.10/bin/../lib/gcc/arm-none-eabi/10.3.1/../../../../arm-none-eabi/lib/thumb/v6-m/nofp\libg.a(lib_a-ctype_.o)
                              CMakeFiles/pico-sc.dir/C_/Users/Soji/src/pico/downloads/pico-sdk/lib/tinyusb/src/tusb.c.obj (_ctype_)
c:/progra~2/gnuarm~1/102021~1.10/bin/../lib/gcc/arm-none-eabi/10.3.1/../../../../arm-none-eabi/lib/thumb/v6-m/nofp\libg.a(lib_a-errno.o)
                              c:/progra~2/gnuarm~1/102021~1.10/bin/../lib/gcc/arm-none-eabi/10.3.1/../../../../arm-none-eabi/lib/thumb/v6-m/nofp\libg.a(lib_a-callocr.o) (__errno)
c:/progra~2/gnuarm~1/102021~1.10/bin/../lib/gcc/arm-none-eabi/10.3.1/../../../../arm-none-eabi/lib/thumb/v6-m/nofp\libg.a(lib_a-impure.o)
                              c:/progra~2/gnuarm~1/102021~1.10/bin/../lib/gcc/arm-none-eabi/10.3.1/../../../../arm-none-eabi/lib/thumb/v6-m/nofp\libg.a(lib_a-calloc.o) (_impure_ptr)
c:/progra~2/gnuarm~1/102021~1.10/bin/../lib/gcc/arm-none-eabi/10.3.1/../../../../arm-none-eabi/lib/thumb/v6-m/nofp\libg.a(lib_a-init.o)
                              c:/progra~2/gnuarm~1/102021~1.10/bin/../lib/gcc/arm-none-eabi/10.3.1/../../../../arm-none-eabi/lib/thumb/v6-m/nofp/crt0.o (__libc_init_array)
c:/progra~2/gnuarm~1/102021~1.10/bin/../lib/gcc/arm-none-eabi/10.3.1/../../../../arm-none-eabi/lib/thumb/v6-m/nofp\libg.a(lib_a-malloc.o)
                              CMakeFiles/pico-sc.dir/C_/Users/Soji/src/pico/downloads/pico-sdk/src/rp2_common/pico_malloc/pico_malloc.c.obj (malloc)
c:/progra~2/gnuarm~1/102021~1.10/bin/../lib/gcc/arm-none-eabi/10.3.1/../../../../arm-none-eabi/lib/thumb/v6-m/nofp\libg.a(lib_a-mallocr.o)
                              c:/progra~2/gnuarm~1/102021~1.10/bin/../lib/gcc/arm-none-eabi/10.3.1/../../../../arm-none-eabi/lib/thumb/v6-m/nofp\libg.a(lib_a-callocr.o) (_malloc_r)
c:/progra~2/gnuarm~1/102021~1.10/bin/../lib/gcc/arm-none-eabi/10.3.1/../../../../arm-none-eabi/lib/thumb/v6-m/nofp\libg.a(lib_a-mlock.o)
                              c:/progra~2/gnuarm~1/102021~1.10/bin/../lib/gcc/arm-none-eabi/10.3.1/../../../../arm-none-eabi/lib/thumb/v6-m/nofp\libg.a(lib_a-mallocr.o) (__malloc_lock)
c:/progra~2/gnuarm~1/102021~1.10/bin/../lib/gcc/arm-none-eabi/10.3.1/../../../../arm-none-eabi/lib/thumb/v6-m/nofp\libg.a(lib_a-sbrkr.o)
                              c:/progra~2/gnuarm~1/102021~1.10/bin/../lib/gcc/arm-none-eabi/10.3.1/../../../../arm-none-eabi/lib/thumb/v6-m/nofp\libg.a(lib_a-mallocr.o) (_sbrk_r)
c:/progra~2/gnuarm~1/102021~1.10/bin/../lib/gcc/arm-none-eabi/10.3.1/../../../../arm-none-eabi/lib/thumb/v6-m/nofp\libg.a(lib_a-strlen-stub.o)
                              CMakeFiles/pico-sc.dir/C_/Users/Soji/src/pico/downloads/pico-sdk/src/rp2_common/pico_stdio/stdio.c.obj (strlen)
c:/progra~2/gnuarm~1/102021~1.10/bin/../lib/gcc/arm-none-eabi/10.3.1/../../../../arm-none-eabi/lib/thumb/v6-m/nofp\libg.a(lib_a-freer.o)
                              c:/progra~2/gnuarm~1/102021~1.10/bin/../lib/gcc/arm-none-eabi/10.3.1/../../../../arm-none-eabi/lib/thumb/v6-m/nofp\libg.a(lib_a-malloc.o) (_free_r)
c:/progra~2/gnuarm~1/102021~1.10/bin/../lib/gcc/arm-none-eabi/10.3.1/../../../../arm-none-eabi/lib/thumb/v6-m/nofp\libg.a(lib_a-lock.o)
                              c:/progra~2/gnuarm~1/102021~1.10/bin/../lib/gcc/arm-none-eabi/10.3.1/../../../../arm-none-eabi/lib/thumb/v6-m/nofp\libg.a(lib_a-mlock.o) (__retarget_lock_acquire_recursive)
c:/progra~2/gnuarm~1/102021~1.10/bin/../lib/gcc/arm-none-eabi/10.3.1/../../../../arm-none-eabi/lib/thumb/v6-m/nofp\libg.a(lib_a-reent.o)
                              c:/progra~2/gnuarm~1/102021~1.10/bin/../lib/gcc/arm-none-eabi/10.3.1/../../../../arm-none-eabi/lib/thumb/v6-m/nofp\libg.a(lib_a-sbrkr.o) (errno)

Discarded input sections

 .text          0x00000000        0x0 c:/progra~2/gnuarm~1/102021~1.10/bin/../lib/gcc/arm-none-eabi/10.3.1/thumb/v6-m/nofp/crti.o
 .data          0x00000000        0x0 c:/progra~2/gnuarm~1/102021~1.10/bin/../lib/gcc/arm-none-eabi/10.3.1/thumb/v6-m/nofp/crti.o
[...]
Memory Configuration

Name             Origin             Length             Attributes
FLASH            0x10000000         0x00200000         xr
RAM              0x20000000         0x00040000         xrw
SCRATCH_X        0x20040000         0x00001000         xrw
SCRATCH_Y        0x20041000         0x00001000         xrw
*default*        0x00000000         0xffffffff

Linker script and memory map

LOAD c:/progra~2/gnuarm~1/102021~1.10/bin/../lib/gcc/arm-none-eabi/10.3.1/thumb/v6-m/nofp/crti.o
LOAD c:/progra~2/gnuarm~1/102021~1.10/bin/../lib/gcc/arm-none-eabi/10.3.1/thumb/v6-m/nofp/crtbegin.o
LOAD c:/progra~2/gnuarm~1/102021~1.10/bin/../lib/gcc/arm-none-eabi/10.3.1/../../../../arm-none-eabi/lib/thumb/v6-m/nofp/crt0.o

.flash_begin    0x10000000        0x0
                0x10000000                __flash_binary_start = .

.boot2          0x10000000      0x100
                0x10000000                __boot2_start__ = .
 *(.boot2)
 .boot2         0x10000000      0x100 C:\Users\Soji\AppData\Local\Temp\ccoMs1Lm.o
                0x10000100                __boot2_end__ = .
                0x00000001                ASSERT (((__boot2_end__ - __boot2_start__) == 0x100), ERROR: Pico second stage bootloader must be 256 bytes in size)

.text           0x10000100     0x6e68
                0x10000100                __logical_binary_start = .
 *(.vectors)
 .vectors       0x10000100       0xd4 CMakeFiles/pico-sc.dir/C_/Users/Soji/src/pico/downloads/pico-sdk/src/rp2_common/pico_standard_link/crt0.S.obj
                0x10000100                __VECTOR_TABLE
                0x10000100                __vectors
                0x100001c0                isr_invalid
                0x100001c0                __default_isrs_start
                0x100001c2                isr_nmi
                0x100001c4                isr_hardfault
                0x100001c6                isr_svcall
                0x100001c8                isr_pendsv
                0x100001ca                isr_systick
                0x100001cc                isr_irq23
                0x100001cc                isr_irq18
                0x100001cc                isr_irq11
                0x100001cc                isr_irq28
                0x100001cc                isr_irq19
                0x100001cc                isr_irq0
                0x100001cc                isr_irq6
                0x100001cc                isr_irq5
                0x100001cc                isr_irq12
                0x100001cc                isr_irq22
                0x100001cc                isr_irq31
                0x100001cc                isr_irq17
                0x100001cc                isr_irq27
                0x100001cc                isr_irq30
                0x100001cc                isr_irq2
                0x100001cc                isr_irq10
                0x100001cc                isr_irq8
                0x100001cc                isr_irq24
                0x100001cc                isr_irq1
                0x100001cc                isr_irq7
                0x100001cc                isr_irq21
                0x100001cc                isr_irq20
                0x100001cc                isr_irq15
                0x100001cc                isr_irq25
                0x100001cc                isr_irq13
                0x100001cc                __unhandled_user_irq
                0x100001cc                isr_irq4
                0x100001cc                isr_irq16
                0x100001cc                isr_irq29
                0x100001cc                isr_irq26
                0x100001cc                __default_isrs_end
                0x100001cc                isr_irq3
                0x100001cc                isr_irq14
                0x100001cc                isr_irq9
                0x100001d2                unhandled_user_irq_num_in_r0
 *(.binary_info_header)
 .binary_info_header
                0x100001d4       0x14 CMakeFiles/pico-sc.dir/C_/Users/Soji/src/pico/downloads/pico-sdk/src/rp2_common/pico_standard_link/crt0.S.obj
                0x100001e8                __binary_info_header_end = .
 *(.reset)
 .reset         0x100001e8       0xa8 CMakeFiles/pico-sc.dir/C_/Users/Soji/src/pico/downloads/pico-sdk/src/rp2_common/pico_standard_link/crt0.S.obj
                0x100001e8                _entry_point
                0x10000266                __get_current_exception
 .reset         0x10000290       0x30 CMakeFiles/pico-sc.dir/C_/Users/Soji/src/pico/downloads/pico-sdk/src/rp2_common/pico_standard_link/binary_info.c.obj
 *(.init)
 .init          0x100002c0        0x4 c:/progra~2/gnuarm~1/102021~1.10/bin/../lib/gcc/arm-none-eabi/10.3.1/thumb/v6-m/nofp/crti.o
                0x100002c0                _init
 *(EXCLUDE_FILE(*libm.a: *libc.a:*lib_a-mem*.o *libgcc.a:) .text*)
 .text          0x100002c4       0x48 c:/progra~2/gnuarm~1/102021~1.10/bin/../lib/gcc/arm-none-eabi/10.3.1/thumb/v6-m/nofp/crtbegin.o
 .text.main     0x1000030c       0x18 CMakeFiles/pico-sc.dir/pico-sc.c.obj
                0x1000030c                main
 .text.hw_claim_lock
                0x10000324       0x18 CMakeFiles/pico-sc.dir/C_/Users/Soji/src/pico/downloads/pico-sdk/src/rp2_common/hardware_claim/claim.c.obj
                0x10000324                hw_claim_lock
 .text.hw_claim_unlock
                0x1000033c       0x14 CMakeFiles/pico-sc.dir/C_/Users/Soji/src/pico/downloads/pico-sdk/src/rp2_common/hardware_claim/claim.c.obj
                0x1000033c                hw_claim_unlock
 .text.hw_claim_or_assert
                0x10000350       0x32 CMakeFiles/pico-sc.dir/C_/Users/Soji/src/pico/downloads/pico-sdk/src/rp2_common/hardware_claim/claim.c.obj
                0x10000350                hw_claim_or_assert
 .text.hw_claim_unused_from_range
                0x10000382       0x50 CMakeFiles/pico-sc.dir/C_/Users/Soji/src/pico/downloads/pico-sdk/src/rp2_common/hardware_claim/claim.c.obj
                0x10000382                hw_claim_unused_from_range
 *fill*         0x100003d2        0x2 
 .text.running_on_fpga
                0x100003d4       0x14 CMakeFiles/pico-sc.dir/C_/Users/Soji/src/pico/downloads/pico-sdk/src/rp2_common/pico_platform/platform.c.obj
                0x100003d4                running_on_fpga
 .text.spin_locks_reset
                0x100003e8       0x20 CMakeFiles/pico-sc.dir/C_/Users/Soji/src/pico/downloads/pico-sdk/src/rp2_common/hardware_sync/sync.c.obj
                0x100003e8                spin_locks_reset
 .text.next_striped_spin_lock_num
                0x10000408       0x1c CMakeFiles/pico-sc.dir/C_/Users/Soji/src/pico/downloads/pico-sdk/src/rp2_common/hardware_sync/sync.c.obj
                0x10000408                next_striped_spin_lock_num
 .text.spin_lock_claim_unused
                0x10000424       0x20 CMakeFiles/pico-sc.dir/C_/Users/Soji/src/pico/downloads/pico-sdk/src/rp2_common/hardware_sync/sync.c.obj
                0x10000424                spin_lock_claim_unused
 .text.alarm_pool_post_alloc_init
                0x10000444       0x40 CMakeFiles/pico-sc.dir/C_/Users/Soji/src/pico/downloads/pico-sdk/src/common/pico_time/time.c.obj
 .text.sleep_until_callback
                0x10000484       0x30 CMakeFiles/pico-sc.dir/C_/Users/Soji/src/pico/downloads/pico-sdk/src/common/pico_time/time.c.obj
 .text.timer_pool_entry_comparator
                0x100004b4       0x7c CMakeFiles/pico-sc.dir/C_/Users/Soji/src/pico/downloads/pico-sdk/src/common/pico_time/time.c.obj
                0x100004b4                timer_pool_entry_comparator
 .text.ph_add_child_node
                0x10000530       0xa4 CMakeFiles/pico-sc.dir/C_/Users/Soji/src/pico/downloads/pico-sdk/src/common/pico_time/time.c.obj
 .text.ph_merge_nodes
                0x100005d4       0x3e CMakeFiles/pico-sc.dir/C_/Users/Soji/src/pico/downloads/pico-sdk/src/common/pico_time/time.c.obj
 *fill*         0x10000612        0x2 
 .text.add_alarm_under_lock
                0x10000614      0x174 CMakeFiles/pico-sc.dir/C_/Users/Soji/src/pico/downloads/pico-sdk/src/common/pico_time/time.c.obj
 .text.alarm_pool_alarm_callback
                0x10000788      0x328 CMakeFiles/pico-sc.dir/C_/Users/Soji/src/pico/downloads/pico-sdk/src/common/pico_time/time.c.obj
 .text.alarm_pool_init_default
                0x10000ab0       0x38 CMakeFiles/pico-sc.dir/C_/Users/Soji/src/pico/downloads/pico-sdk/src/common/pico_time/time.c.obj
                0x10000ab0                alarm_pool_init_default
 .text.alarm_pool_get_default
                0x10000ae8       0x2c CMakeFiles/pico-sc.dir/C_/Users/Soji/src/pico/downloads/pico-sdk/src/common/pico_time/time.c.obj
                0x10000ae8                alarm_pool_get_default
 .text.alarm_pool_add_alarm_at
                0x10000b14      0x170 CMakeFiles/pico-sc.dir/C_/Users/Soji/src/pico/downloads/pico-sdk/src/common/pico_time/time.c.obj
                0x10000b14                alarm_pool_add_alarm_at
 .text.alarm_pool_cancel_alarm
                0x10000c84       0xf0 CMakeFiles/pico-sc.dir/C_/Users/Soji/src/pico/downloads/pico-sdk/src/common/pico_time/time.c.obj
                0x10000c84                alarm_pool_cancel_alarm
 .text.sleep_until
                0x10000d74       0xfc CMakeFiles/pico-sc.dir/C_/Users/Soji/src/pico/downloads/pico-sdk/src/common/pico_time/time.c.obj
                0x10000d74                sleep_until
 .text.sleep_us
                0x10000e70       0x58 CMakeFiles/pico-sc.dir/C_/Users/Soji/src/pico/downloads/pico-sdk/src/common/pico_time/time.c.obj
                0x10000e70                sleep_us
 .text.sleep_ms
                0x10000ec8       0x14 CMakeFiles/pico-sc.dir/C_/Users/Soji/src/pico/downloads/pico-sdk/src/common/pico_time/time.c.obj
                0x10000ec8                sleep_ms
 .text.best_effort_wfe_or_timeout
                0x10000edc       0x80 CMakeFiles/pico-sc.dir/C_/Users/Soji/src/pico/downloads/pico-sdk/src/common/pico_time/time.c.obj
                0x10000edc                best_effort_wfe_or_timeout
 .text.hardware_alarm_irq_handler
                0x10000f5c       0x8c CMakeFiles/pico-sc.dir/C_/Users/Soji/src/pico/downloads/pico-sdk/src/rp2_common/hardware_timer/timer.c.obj
 .text.hardware_alarm_claim
                0x10000fe8       0x18 CMakeFiles/pico-sc.dir/C_/Users/Soji/src/pico/downloads/pico-sdk/src/rp2_common/hardware_timer/timer.c.obj
                0x10000fe8                hardware_alarm_claim
 .text.time_us_64
                0x10001000       0x18 CMakeFiles/pico-sc.dir/C_/Users/Soji/src/pico/downloads/pico-sdk/src/rp2_common/hardware_timer/timer.c.obj
                0x10001000                time_us_64
 .text.busy_wait_until
                0x10001018       0x28 CMakeFiles/pico-sc.dir/C_/Users/Soji/src/pico/downloads/pico-sdk/src/rp2_common/hardware_timer/timer.c.obj
                0x10001018                busy_wait_until
 .text.hardware_alarm_set_callback
                0x10001040       0x90 CMakeFiles/pico-sc.dir/C_/Users/Soji/src/pico/downloads/pico-sdk/src/rp2_common/hardware_timer/timer.c.obj
                0x10001040                hardware_alarm_set_callback
 .text.hardware_alarm_set_target
                0x100010d0       0xe8 CMakeFiles/pico-sc.dir/C_/Users/Soji/src/pico/downloads/pico-sdk/src/rp2_common/hardware_timer/timer.c.obj
                0x100010d0                hardware_alarm_set_target
 .text.hardware_alarm_cancel
                0x100011b8       0x40 CMakeFiles/pico-sc.dir/C_/Users/Soji/src/pico/downloads/pico-sdk/src/rp2_common/hardware_timer/timer.c.obj
                0x100011b8                hardware_alarm_cancel
 .text.lock_init
                0x100011f8       0x10 CMakeFiles/pico-sc.dir/C_/Users/Soji/src/pico/downloads/pico-sdk/src/common/pico_sync/lock_core.c.obj
                0x100011f8                lock_init
 .text.mutex_init
                0x10001208       0x1a CMakeFiles/pico-sc.dir/C_/Users/Soji/src/pico/downloads/pico-sdk/src/common/pico_sync/mutex.c.obj
                0x10001208                mutex_init
 .text.recursive_mutex_init
                0x10001222       0x1e CMakeFiles/pico-sc.dir/C_/Users/Soji/src/pico/downloads/pico-sdk/src/common/pico_sync/mutex.c.obj
                0x10001222                recursive_mutex_init
 .text.critical_section_init_with_lock_num
                0x10001240       0x14 CMakeFiles/pico-sc.dir/C_/Users/Soji/src/pico/downloads/pico-sdk/src/common/pico_sync/critical_section.c.obj
                0x10001240                critical_section_init_with_lock_num
 .text.critical_section_init
                0x10001254       0x14 CMakeFiles/pico-sc.dir/C_/Users/Soji/src/pico/downloads/pico-sdk/src/common/pico_sync/critical_section.c.obj
                0x10001254                critical_section_init
 .text.ph_add_child_node
                0x10001268       0xa4 CMakeFiles/pico-sc.dir/C_/Users/Soji/src/pico/downloads/pico-sdk/src/common/pico_util/pheap.c.obj
 .text.ph_merge_nodes
                0x1000130c       0x3e CMakeFiles/pico-sc.dir/C_/Users/Soji/src/pico/downloads/pico-sdk/src/common/pico_util/pheap.c.obj
 *fill*         0x1000134a        0x2 
 .text.ph_clear
                0x1000134c       0x70 CMakeFiles/pico-sc.dir/C_/Users/Soji/src/pico/downloads/pico-sdk/src/common/pico_util/pheap.c.obj
                0x1000134c                ph_clear
 .text.ph_post_alloc_init
                0x100013bc        0xe CMakeFiles/pico-sc.dir/C_/Users/Soji/src/pico/downloads/pico-sdk/src/common/pico_util/pheap.c.obj
                0x100013bc                ph_post_alloc_init
 *fill*         0x100013ca        0x2 
 .text.ph_merge_two_pass
                0x100013cc       0xa8 CMakeFiles/pico-sc.dir/C_/Users/Soji/src/pico/downloads/pico-sdk/src/common/pico_util/pheap.c.obj
                0x100013cc                ph_merge_two_pass
 .text.ph_remove_any_head
                0x10001474      0x108 CMakeFiles/pico-sc.dir/C_/Users/Soji/src/pico/downloads/pico-sdk/src/common/pico_util/pheap.c.obj
 .text.ph_remove_head
                0x1000157c       0x14 CMakeFiles/pico-sc.dir/C_/Users/Soji/src/pico/downloads/pico-sdk/src/common/pico_util/pheap.c.obj
                0x1000157c                ph_remove_head
 .text.ph_remove_and_free_node
                0x10001590       0xf8 CMakeFiles/pico-sc.dir/C_/Users/Soji/src/pico/downloads/pico-sdk/src/common/pico_util/pheap.c.obj
                0x10001590                ph_remove_and_free_node
 .text._exit    0x10001688        0x4 CMakeFiles/pico-sc.dir/C_/Users/Soji/src/pico/downloads/pico-sdk/src/rp2_common/pico_runtime/runtime.c.obj
                0x10001688                _exit
 .text.exit     0x1000168c        0x6 CMakeFiles/pico-sc.dir/C_/Users/Soji/src/pico/downloads/pico-sdk/src/rp2_common/pico_runtime/runtime.c.obj
                0x1000168c                exit
 *fill*         0x10001692        0x2 
 .text.__assert_func
                0x10001694       0x3c CMakeFiles/pico-sc.dir/C_/Users/Soji/src/pico/downloads/pico-sdk/src/rp2_common/pico_runtime/runtime.c.obj
                0x10001694                __assert_func
 .text.runtime_init
                0x100016d0       0xf8 CMakeFiles/pico-sc.dir/C_/Users/Soji/src/pico/downloads/pico-sdk/src/rp2_common/pico_runtime/runtime.c.obj
                0x100016d0                runtime_init
 .text.panic    0x100017c8       0x30 CMakeFiles/pico-sc.dir/C_/Users/Soji/src/pico/downloads/pico-sdk/src/rp2_common/pico_runtime/runtime.c.obj
                0x100017c8                panic
 .text.clock_configure
                0x100017f8      0x104 CMakeFiles/pico-sc.dir/C_/Users/Soji/src/pico/downloads/pico-sdk/src/rp2_common/hardware_clocks/clocks.c.obj
                0x100017f8                clock_configure
 .text.clocks_init
                0x100018fc      0x100 CMakeFiles/pico-sc.dir/C_/Users/Soji/src/pico/downloads/pico-sdk/src/rp2_common/hardware_clocks/clocks.c.obj
                0x100018fc                clocks_init
 .text.set_raw_irq_handler_and_unlock
                0x100019fc       0x28 CMakeFiles/pico-sc.dir/C_/Users/Soji/src/pico/downloads/pico-sdk/src/rp2_common/hardware_irq/irq.c.obj
 .text.make_branch
                0x10001a24       0x34 CMakeFiles/pico-sc.dir/C_/Users/Soji/src/pico/downloads/pico-sdk/src/rp2_common/hardware_irq/irq.c.obj
 .text.insert_branch_and_link
                0x10001a58       0x40 CMakeFiles/pico-sc.dir/C_/Users/Soji/src/pico/downloads/pico-sdk/src/rp2_common/hardware_irq/irq.c.obj
 .text.irq_is_enabled
                0x10001a98       0x18 CMakeFiles/pico-sc.dir/C_/Users/Soji/src/pico/downloads/pico-sdk/src/rp2_common/hardware_irq/irq.c.obj
                0x10001a98                irq_is_enabled
 .text.irq_set_mask_enabled
                0x10001ab0       0x20 CMakeFiles/pico-sc.dir/C_/Users/Soji/src/pico/downloads/pico-sdk/src/rp2_common/hardware_irq/irq.c.obj
                0x10001ab0                irq_set_mask_enabled
 .text.irq_set_enabled
                0x10001ad0        0xe CMakeFiles/pico-sc.dir/C_/Users/Soji/src/pico/downloads/pico-sdk/src/rp2_common/hardware_irq/irq.c.obj
                0x10001ad0                irq_set_enabled
 *fill*         0x10001ade        0x2 
 .text.irq_set_pending
                0x10001ae0       0x10 CMakeFiles/pico-sc.dir/C_/Users/Soji/src/pico/downloads/pico-sdk/src/rp2_common/hardware_irq/irq.c.obj
                0x10001ae0                irq_set_pending
 .text.irq_get_vtable_handler
                0x10001af0       0x10 CMakeFiles/pico-sc.dir/C_/Users/Soji/src/pico/downloads/pico-sdk/src/rp2_common/hardware_irq/irq.c.obj
                0x10001af0                irq_get_vtable_handler
 .text.irq_set_exclusive_handler
                0x10001b00       0x54 CMakeFiles/pico-sc.dir/C_/Users/Soji/src/pico/downloads/pico-sdk/src/rp2_common/hardware_irq/irq.c.obj
                0x10001b00                irq_set_exclusive_handler
 .text.irq_remove_handler
                0x10001b54      0x1ac CMakeFiles/pico-sc.dir/C_/Users/Soji/src/pico/downloads/pico-sdk/src/rp2_common/hardware_irq/irq.c.obj
                0x10001b54                irq_remove_handler
 .text.irq_add_tail_to_free_list
                0x10001d00       0xf0 CMakeFiles/pico-sc.dir/C_/Users/Soji/src/pico/downloads/pico-sdk/src/rp2_common/hardware_irq/irq.c.obj
                0x10001d00                irq_add_tail_to_free_list
 .text.irq_init_priorities
                0x10001df0       0x1c CMakeFiles/pico-sc.dir/C_/Users/Soji/src/pico/downloads/pico-sdk/src/rp2_common/hardware_irq/irq.c.obj
                0x10001df0                irq_init_priorities
 .text.pll_init
                0x10001e0c      0x118 CMakeFiles/pico-sc.dir/C_/Users/Soji/src/pico/downloads/pico-sdk/src/rp2_common/hardware_pll/pll.c.obj
                0x10001e0c                pll_init
 .text.watchdog_start_tick
                0x10001f24       0x10 CMakeFiles/pico-sc.dir/C_/Users/Soji/src/pico/downloads/pico-sdk/src/rp2_common/hardware_watchdog/watchdog.c.obj
                0x10001f24                watchdog_start_tick
 .text.watchdog_update
                0x10001f34       0x14 CMakeFiles/pico-sc.dir/C_/Users/Soji/src/pico/downloads/pico-sdk/src/rp2_common/hardware_watchdog/watchdog.c.obj
                0x10001f34                watchdog_update
 .text._watchdog_enable
                0x10001f48       0x78 CMakeFiles/pico-sc.dir/C_/Users/Soji/src/pico/downloads/pico-sdk/src/rp2_common/hardware_watchdog/watchdog.c.obj
                0x10001f48                _watchdog_enable
 .text.watchdog_reboot
                0x10001fc0       0x48 CMakeFiles/pico-sc.dir/C_/Users/Soji/src/pico/downloads/pico-sdk/src/rp2_common/hardware_watchdog/watchdog.c.obj
                0x10001fc0                watchdog_reboot
 .text.xosc_init
                0x10002008       0x28 CMakeFiles/pico-sc.dir/C_/Users/Soji/src/pico/downloads/pico-sdk/src/rp2_common/hardware_xosc/xosc.c.obj
                0x10002008                xosc_init
 .text._out_null
                0x10002030        0x2 CMakeFiles/pico-sc.dir/C_/Users/Soji/src/pico/downloads/pico-sdk/src/rp2_common/pico_printf/printf.c.obj
 .text._out_fct
                0x10002032        0xe CMakeFiles/pico-sc.dir/C_/Users/Soji/src/pico/downloads/pico-sdk/src/rp2_common/pico_printf/printf.c.obj
 .text._atoi    0x10002040       0x24 CMakeFiles/pico-sc.dir/C_/Users/Soji/src/pico/downloads/pico-sdk/src/rp2_common/pico_printf/printf.c.obj
 .text._out_rev
                0x10002064       0xae CMakeFiles/pico-sc.dir/C_/Users/Soji/src/pico/downloads/pico-sdk/src/rp2_common/pico_printf/printf.c.obj
 .text._ntoa_format
                0x10002112      0x112 CMakeFiles/pico-sc.dir/C_/Users/Soji/src/pico/downloads/pico-sdk/src/rp2_common/pico_printf/printf.c.obj
 .text._ntoa_long
                0x10002224       0xbc CMakeFiles/pico-sc.dir/C_/Users/Soji/src/pico/downloads/pico-sdk/src/rp2_common/pico_printf/printf.c.obj
 .text._ntoa_long_long
                0x100022e0       0xe2 CMakeFiles/pico-sc.dir/C_/Users/Soji/src/pico/downloads/pico-sdk/src/rp2_common/pico_printf/printf.c.obj
 *fill*         0x100023c2        0x2 
 .text._etoa    0x100023c4      0x414 CMakeFiles/pico-sc.dir/C_/Users/Soji/src/pico/downloads/pico-sdk/src/rp2_common/pico_printf/printf.c.obj
 .text._ftoa    0x100027d8      0x354 CMakeFiles/pico-sc.dir/C_/Users/Soji/src/pico/downloads/pico-sdk/src/rp2_common/pico_printf/printf.c.obj
 .text._vsnprintf
                0x10002b2c      0x624 CMakeFiles/pico-sc.dir/C_/Users/Soji/src/pico/downloads/pico-sdk/src/rp2_common/pico_printf/printf.c.obj
 .text.vfctprintf
                0x10003150       0x20 CMakeFiles/pico-sc.dir/C_/Users/Soji/src/pico/downloads/pico-sdk/src/rp2_common/pico_printf/printf.c.obj
                0x10003150                vfctprintf
 .text          0x10003170       0x10 CMakeFiles/pico-sc.dir/C_/Users/Soji/src/pico/downloads/pico-sdk/src/rp2_common/pico_bit_ops/bit_ops_aeabi.S.obj
 .text.rom_func_lookup
                0x10003180       0x10 CMakeFiles/pico-sc.dir/C_/Users/Soji/src/pico/downloads/pico-sdk/src/rp2_common/pico_bootrom/bootrom.c.obj
                0x10003180                rom_func_lookup
 .text.rom_data_lookup
                0x10003190       0x10 CMakeFiles/pico-sc.dir/C_/Users/Soji/src/pico/downloads/pico-sdk/src/rp2_common/pico_bootrom/bootrom.c.obj
                0x10003190                rom_data_lookup
 .text.rom_funcs_lookup
                0x100031a0       0x36 CMakeFiles/pico-sc.dir/C_/Users/Soji/src/pico/downloads/pico-sdk/src/rp2_common/pico_bootrom/bootrom.c.obj
                0x100031a0                rom_funcs_lookup
 *fill*         0x100031d6        0x2 
 .text.__wrap___aeabi_idiv
                0x100031d8       0x50 CMakeFiles/pico-sc.dir/C_/Users/Soji/src/pico/downloads/pico-sdk/src/rp2_common/pico_divider/divider.S.obj
                0x100031d8                __wrap___aeabi_idivmod
                0x100031d8                divmod_s32s32
                0x100031d8                div_s32s32
                0x100031d8                __wrap___aeabi_idiv
                0x100031e0                divmod_s32s32_unsafe
                0x1000320c                divmod_s32s32_savestate
 .text.__wrap___aeabi_uidiv
                0x10003228       0x4c CMakeFiles/pico-sc.dir/C_/Users/Soji/src/pico/downloads/pico-sdk/src/rp2_common/pico_divider/divider.S.obj
                0x10003228                __wrap___aeabi_uidiv
                0x10003228                __wrap___aeabi_uidivmod
                0x10003228                div_u32u32
                0x10003228                divmod_u32u32
                0x10003230                divmod_u32u32_unsafe
                0x10003258                divmod_u32u32_savestate
 .text.__wrap___aeabi_ldiv
                0x10003274      0x434 CMakeFiles/pico-sc.dir/C_/Users/Soji/src/pico/downloads/pico-sdk/src/rp2_common/pico_divider/divider.S.obj
                0x10003274                div_s64s64
                0x10003274                divmod_s64s64
                0x10003274                __wrap___aeabi_ldivmod
                0x100032ac                divmod_u64u64
                0x100032ac                div_u64u64
                0x100032ac                __wrap___aeabi_uldivmod
                0x100032bc                divmod_u64u64_savestate
                0x100032e4                divmod_s64s64_unsafe
                0x1000336c                divmod_u64u64_unsafe
 .text.__wrap___aeabi_darithmetic
                0x100036a8       0x80 CMakeFiles/pico-sc.dir/C_/Users/Soji/src/pico/downloads/pico-sdk/src/rp2_common/pico_double/double_aeabi.S.obj
                0x100036a8                __wrap___aeabi_drsub
                0x100036ae                __wrap___aeabi_dsub
                0x100036c0                __wrap___aeabi_dadd
                0x100036d2                __wrap___aeabi_ddiv
                0x1000370e                __wrap___aeabi_dmul
 .text.__wrap___aeabi_cdcmple
                0x10003728       0x6c CMakeFiles/pico-sc.dir/C_/Users/Soji/src/pico/downloads/pico-sdk/src/rp2_common/pico_double/double_aeabi.S.obj
                0x10003728                __wrap___aeabi_cdrcmple
                0x10003738                __wrap___aeabi_cdcmpeq
                0x10003738                __wrap___aeabi_cdcmple
 .text.__wrap___aeabi_dcmplt
                0x10003794        0xc CMakeFiles/pico-sc.dir/C_/Users/Soji/src/pico/downloads/pico-sdk/src/rp2_common/pico_double/double_aeabi.S.obj
                0x10003794                __wrap___aeabi_dcmplt
 .text.__wrap___aeabi_dcmple
                0x100037a0       0x10 CMakeFiles/pico-sc.dir/C_/Users/Soji/src/pico/downloads/pico-sdk/src/rp2_common/pico_double/double_aeabi.S.obj
                0x100037a0                __wrap___aeabi_dcmple
 .text.__wrap___aeabi_dcmpge
                0x100037b0       0x10 CMakeFiles/pico-sc.dir/C_/Users/Soji/src/pico/downloads/pico-sdk/src/rp2_common/pico_double/double_aeabi.S.obj
                0x100037b0                __wrap___aeabi_dcmpge
 .text.__wrap___aeabi_dcmpgt
                0x100037c0        0xa CMakeFiles/pico-sc.dir/C_/Users/Soji/src/pico/downloads/pico-sdk/src/rp2_common/pico_double/double_aeabi.S.obj
                0x100037c0                __wrap___aeabi_dcmpgt
 .text.__wrap___aeabi_dcmpun
                0x100037ca       0x1c CMakeFiles/pico-sc.dir/C_/Users/Soji/src/pico/downloads/pico-sdk/src/rp2_common/pico_double/double_aeabi.S.obj
                0x100037ca                __wrap___aeabi_dcmpun
 *fill*         0x100037e6        0x2 
 .text.__wrap___aeabi_i2d
                0x100037e8       0x38 CMakeFiles/pico-sc.dir/C_/Users/Soji/src/pico/downloads/pico-sdk/src/rp2_common/pico_double/double_aeabi.S.obj
                0x100037e8                __wrap___aeabi_ui2d
                0x100037f0                __wrap___aeabi_i2d
 .text.__wrap___aeabi_d2iz
                0x10003820       0x48 CMakeFiles/pico-sc.dir/C_/Users/Soji/src/pico/downloads/pico-sdk/src/rp2_common/pico_double/double_aeabi.S.obj
                0x10003820                double2int_z
                0x10003820                __wrap___aeabi_d2iz
 .text.__wrap___aeabi_d2uiz
                0x10003868       0x18 CMakeFiles/pico-sc.dir/C_/Users/Soji/src/pico/downloads/pico-sdk/src/rp2_common/pico_double/double_aeabi.S.obj
                0x10003868                __wrap___aeabi_d2uiz
                0x10003868                double2uint
 .text.__aeabi_double_init
                0x10003880       0xc8 CMakeFiles/pico-sc.dir/C_/Users/Soji/src/pico/downloads/pico-sdk/src/rp2_common/pico_double/double_init_rom.c.obj
                0x10003880                __aeabi_double_init
 .text.double_table_shim_on_use_helper
                0x10003948       0x34 CMakeFiles/pico-sc.dir/C_/Users/Soji/src/pico/downloads/pico-sdk/src/rp2_common/pico_double/double_v1_rom_shim.S.obj
                0x10003948                double_table_shim_on_use_helper
 .text.__wrap___aeabi_dsub
                0x1000397c       0x10 CMakeFiles/pico-sc.dir/C_/Users/Soji/src/pico/downloads/pico-sdk/src/rp2_common/pico_double/double_v1_rom_shim.S.obj
                0x1000397c                drsub_shim
                0x10003982                dsub_shim
 .text.dadd_shim
                0x1000398c      0x15c CMakeFiles/pico-sc.dir/C_/Users/Soji/src/pico/downloads/pico-sdk/src/rp2_common/pico_double/double_v1_rom_shim.S.obj
                0x1000398c                dadd_shim
 .text.dmul_shim
                0x10003ae8      0x15c CMakeFiles/pico-sc.dir/C_/Users/Soji/src/pico/downloads/pico-sdk/src/rp2_common/pico_double/double_v1_rom_shim.S.obj
                0x10003ae8                dmul_shim
 .text.ddiv_shim
                0x10003c44      0x1b0 CMakeFiles/pico-sc.dir/C_/Users/Soji/src/pico/downloads/pico-sdk/src/rp2_common/pico_double/double_v1_rom_shim.S.obj
                0x10003c44                ddiv_shim
 .text.double2uint_shim
                0x10003df4        0xe CMakeFiles/pico-sc.dir/C_/Users/Soji/src/pico/downloads/pico-sdk/src/rp2_common/pico_double/double_v1_rom_shim.S.obj
                0x10003df4                double2uint_shim
                0x10003df6                double2ufix_shim
 *fill*         0x10003e02        0x2 
 .text.double2uint64_shim
                0x10003e04       0x70 CMakeFiles/pico-sc.dir/C_/Users/Soji/src/pico/downloads/pico-sdk/src/rp2_common/pico_double/double_v1_rom_shim.S.obj
                0x10003e04                double2uint64_shim
                0x10003e06                double2ufix64_shim
                0x10003e26                d2fix_a
 .text.dunpacks
                0x10003e74       0x3c CMakeFiles/pico-sc.dir/C_/Users/Soji/src/pico/downloads/pico-sdk/src/rp2_common/pico_double/double_v1_rom_shim.S.obj
                0x10003e74                dunpacks
 .text.__aeabi_lmul
                0x10003eb0       0x32 CMakeFiles/pico-sc.dir/C_/Users/Soji/src/pico/downloads/pico-sdk/src/rp2_common/pico_int64_ops/pico_int64_ops_aeabi.S.obj
                0x10003eb0                __wrap___aeabi_lmul
 *fill*         0x10003ee2        0x2 
 .text.__aeabi_float_init
                0x10003ee4       0xfc CMakeFiles/pico-sc.dir/C_/Users/Soji/src/pico/downloads/pico-sdk/src/rp2_common/pico_float/float_init_rom.c.obj
                0x10003ee4                __aeabi_float_init
 .text.float_table_shim_on_use_helper
                0x10003fe0       0x34 CMakeFiles/pico-sc.dir/C_/Users/Soji/src/pico/downloads/pico-sdk/src/rp2_common/pico_float/float_v1_rom_shim.S.obj
                0x10003fe0                float_table_shim_on_use_helper
 .text          0x10004014       0x10 CMakeFiles/pico-sc.dir/C_/Users/Soji/src/pico/downloads/pico-sdk/src/rp2_common/pico_mem_ops/mem_ops_aeabi.S.obj
                0x10004014                __aeabi_mem_init
 .text.memset   0x10004024        0xc CMakeFiles/pico-sc.dir/C_/Users/Soji/src/pico/downloads/pico-sdk/src/rp2_common/pico_mem_ops/mem_ops_aeabi.S.obj
                0x10004024                __wrap_memset
 .text.memcpy   0x10004030        0xc CMakeFiles/pico-sc.dir/C_/Users/Soji/src/pico/downloads/pico-sdk/src/rp2_common/pico_mem_ops/mem_ops_aeabi.S.obj
                0x10004030                __wrap_memcpy
                0x10004030                __wrap___aeabi_memcpy
 .text.stdio_out_chars_no_crlf
                0x1000403c        0xe CMakeFiles/pico-sc.dir/C_/Users/Soji/src/pico/downloads/pico-sdk/src/rp2_common/pico_stdio/stdio.c.obj
 *fill*         0x1000404a        0x2 
 .text.stdio_out_chars_crlf
                0x1000404c       0x80 CMakeFiles/pico-sc.dir/C_/Users/Soji/src/pico/downloads/pico-sdk/src/rp2_common/pico_stdio/stdio.c.obj
 .text.stdio_stack_buffer_flush
                0x100040cc       0x44 CMakeFiles/pico-sc.dir/C_/Users/Soji/src/pico/downloads/pico-sdk/src/rp2_common/pico_stdio/stdio.c.obj
 .text.stdio_buffered_printer
                0x10004110       0x20 CMakeFiles/pico-sc.dir/C_/Users/Soji/src/pico/downloads/pico-sdk/src/rp2_common/pico_stdio/stdio.c.obj
 .text.stdout_serialize_begin
                0x10004130       0x30 CMakeFiles/pico-sc.dir/C_/Users/Soji/src/pico/downloads/pico-sdk/src/rp2_common/pico_stdio/stdio.c.obj
                0x10004130                stdout_serialize_begin
 .text.stdout_serialize_end
                0x10004160       0x10 CMakeFiles/pico-sc.dir/C_/Users/Soji/src/pico/downloads/pico-sdk/src/rp2_common/pico_stdio/stdio.c.obj
                0x10004160                stdout_serialize_end
 .text.stdio_put_string
                0x10004170       0x98 CMakeFiles/pico-sc.dir/C_/Users/Soji/src/pico/downloads/pico-sdk/src/rp2_common/pico_stdio/stdio.c.obj
 .text.stdio_set_driver_enabled
                0x10004208       0x38 CMakeFiles/pico-sc.dir/C_/Users/Soji/src/pico/downloads/pico-sdk/src/rp2_common/pico_stdio/stdio.c.obj
                0x10004208                stdio_set_driver_enabled
 .text.stdio_flush
                0x10004240       0x20 CMakeFiles/pico-sc.dir/C_/Users/Soji/src/pico/downloads/pico-sdk/src/rp2_common/pico_stdio/stdio.c.obj
                0x10004240                stdio_flush
 .text.__wrap_puts
                0x10004260       0x1e CMakeFiles/pico-sc.dir/C_/Users/Soji/src/pico/downloads/pico-sdk/src/rp2_common/pico_stdio/stdio.c.obj
                0x10004260                __wrap_puts
 *fill*         0x1000427e        0x2 
 .text.__wrap_vprintf
                0x10004280       0x44 CMakeFiles/pico-sc.dir/C_/Users/Soji/src/pico/downloads/pico-sdk/src/rp2_common/pico_stdio/stdio.c.obj
                0x10004280                __wrap_vprintf
 .text.__wrap_printf
                0x100042c4       0x18 CMakeFiles/pico-sc.dir/C_/Users/Soji/src/pico/downloads/pico-sdk/src/rp2_common/pico_stdio/stdio.c.obj
                0x100042c4                __wrap_printf
 .text.stdio_init_all
                0x100042dc        0x8 CMakeFiles/pico-sc.dir/C_/Users/Soji/src/pico/downloads/pico-sdk/src/rp2_common/pico_stdio/stdio.c.obj
                0x100042dc                stdio_init_all
 .text.resetd_init
                0x100042e4        0x2 CMakeFiles/pico-sc.dir/C_/Users/Soji/src/pico/downloads/pico-sdk/src/rp2_common/pico_stdio_usb/reset_interface.c.obj
 *fill*         0x100042e6        0x2 
 .text.resetd_reset
                0x100042e8        0xc CMakeFiles/pico-sc.dir/C_/Users/Soji/src/pico/downloads/pico-sdk/src/rp2_common/pico_stdio_usb/reset_interface.c.obj
 .text.resetd_open
                0x100042f4       0x34 CMakeFiles/pico-sc.dir/C_/Users/Soji/src/pico/downloads/pico-sdk/src/rp2_common/pico_stdio_usb/reset_interface.c.obj
 .text.resetd_xfer_cb
                0x10004328        0x4 CMakeFiles/pico-sc.dir/C_/Users/Soji/src/pico/downloads/pico-sdk/src/rp2_common/pico_stdio_usb/reset_interface.c.obj
 .text.reset_usb_boot
                0x1000432c       0x18 CMakeFiles/pico-sc.dir/C_/Users/Soji/src/pico/downloads/pico-sdk/src/rp2_common/pico_stdio_usb/reset_interface.c.obj
 .text.resetd_control_xfer_cb
                0x10004344       0x5c CMakeFiles/pico-sc.dir/C_/Users/Soji/src/pico/downloads/pico-sdk/src/rp2_common/pico_stdio_usb/reset_interface.c.obj
 .text.usbd_app_driver_get_cb
                0x100043a0        0xc CMakeFiles/pico-sc.dir/C_/Users/Soji/src/pico/downloads/pico-sdk/src/rp2_common/pico_stdio_usb/reset_interface.c.obj
                0x100043a0                usbd_app_driver_get_cb
 .text.tud_cdc_line_coding_cb
                0x100043ac       0x28 CMakeFiles/pico-sc.dir/C_/Users/Soji/src/pico/downloads/pico-sdk/src/rp2_common/pico_stdio_usb/reset_interface.c.obj
                0x100043ac                tud_cdc_line_coding_cb
 .text.stdio_usb_in_chars
                0x100043d4       0x70 CMakeFiles/pico-sc.dir/C_/Users/Soji/src/pico/downloads/pico-sdk/src/rp2_common/pico_stdio_usb/stdio_usb.c.obj
                0x100043d4                stdio_usb_in_chars
 .text.low_priority_worker_irq
                0x10004444       0x20 CMakeFiles/pico-sc.dir/C_/Users/Soji/src/pico/downloads/pico-sdk/src/rp2_common/pico_stdio_usb/stdio_usb.c.obj
 .text.stdio_usb_out_chars
                0x10004464       0xd4 CMakeFiles/pico-sc.dir/C_/Users/Soji/src/pico/downloads/pico-sdk/src/rp2_common/pico_stdio_usb/stdio_usb.c.obj
 .text.timer_task
                0x10004538       0x10 CMakeFiles/pico-sc.dir/C_/Users/Soji/src/pico/downloads/pico-sdk/src/rp2_common/pico_stdio_usb/stdio_usb.c.obj
 .text.stdio_usb_init
                0x10004548       0xb8 CMakeFiles/pico-sc.dir/C_/Users/Soji/src/pico/downloads/pico-sdk/src/rp2_common/pico_stdio_usb/stdio_usb.c.obj
                0x10004548                stdio_usb_init
 .text.tud_descriptor_device_cb
                0x10004600        0x8 CMakeFiles/pico-sc.dir/C_/Users/Soji/src/pico/downloads/pico-sdk/src/rp2_common/pico_stdio_usb/stdio_usb_descriptors.c.obj
                0x10004600                tud_descriptor_device_cb
 .text.tud_descriptor_configuration_cb
                0x10004608        0x8 CMakeFiles/pico-sc.dir/C_/Users/Soji/src/pico/downloads/pico-sdk/src/rp2_common/pico_stdio_usb/stdio_usb_descriptors.c.obj
                0x10004608                tud_descriptor_configuration_cb
 .text.tud_descriptor_string_cb
                0x10004610       0x6c CMakeFiles/pico-sc.dir/C_/Users/Soji/src/pico/downloads/pico-sdk/src/rp2_common/pico_stdio_usb/stdio_usb_descriptors.c.obj
                0x10004610                tud_descriptor_string_cb
 .text.hw_endpoint_get_by_addr
                0x1000467c       0x18 CMakeFiles/pico-sc.dir/C_/Users/Soji/src/pico/downloads/pico-sdk/lib/tinyusb/src/portable/raspberrypi/rp2040/dcd_rp2040.c.obj
 .text.reset_ep0_pid
                0x10004694       0x28 CMakeFiles/pico-sc.dir/C_/Users/Soji/src/pico/downloads/pico-sdk/lib/tinyusb/src/portable/raspberrypi/rp2040/dcd_rp2040.c.obj
 .text._hw_endpoint_alloc
                0x100046bc       0x70 CMakeFiles/pico-sc.dir/C_/Users/Soji/src/pico/downloads/pico-sdk/lib/tinyusb/src/portable/raspberrypi/rp2040/dcd_rp2040.c.obj
 .text.hw_endpoint_init
                0x1000472c       0x88 CMakeFiles/pico-sc.dir/C_/Users/Soji/src/pico/downloads/pico-sdk/lib/tinyusb/src/portable/raspberrypi/rp2040/dcd_rp2040.c.obj
 .text.reset_non_control_endpoints
                0x100047b4       0x40 CMakeFiles/pico-sc.dir/C_/Users/Soji/src/pico/downloads/pico-sdk/lib/tinyusb/src/portable/raspberrypi/rp2040/dcd_rp2040.c.obj
 .text.hw_handle_buff_status
                0x100047f4       0x8c CMakeFiles/pico-sc.dir/C_/Users/Soji/src/pico/downloads/pico-sdk/lib/tinyusb/src/portable/raspberrypi/rp2040/dcd_rp2040.c.obj
 .text.dcd_rp2040_irq
                0x10004880       0xc0 CMakeFiles/pico-sc.dir/C_/Users/Soji/src/pico/downloads/pico-sdk/lib/tinyusb/src/portable/raspberrypi/rp2040/dcd_rp2040.c.obj
 .text.hw_endpoint_xfer
                0x10004940       0x14 CMakeFiles/pico-sc.dir/C_/Users/Soji/src/pico/downloads/pico-sdk/lib/tinyusb/src/portable/raspberrypi/rp2040/dcd_rp2040.c.obj
 .text.dcd_int_enable
                0x10004954       0x2c CMakeFiles/pico-sc.dir/C_/Users/Soji/src/pico/downloads/pico-sdk/lib/tinyusb/src/portable/raspberrypi/rp2040/dcd_rp2040.c.obj
                0x10004954                dcd_int_enable
 .text.dcd_set_address
                0x10004980       0x2c CMakeFiles/pico-sc.dir/C_/Users/Soji/src/pico/downloads/pico-sdk/lib/tinyusb/src/portable/raspberrypi/rp2040/dcd_rp2040.c.obj
                0x10004980                dcd_set_address
 .text.dcd_connect
                0x100049ac       0x10 CMakeFiles/pico-sc.dir/C_/Users/Soji/src/pico/downloads/pico-sdk/lib/tinyusb/src/portable/raspberrypi/rp2040/dcd_rp2040.c.obj
                0x100049ac                dcd_connect
 .text.dcd_init
                0x100049bc       0x7c CMakeFiles/pico-sc.dir/C_/Users/Soji/src/pico/downloads/pico-sdk/lib/tinyusb/src/portable/raspberrypi/rp2040/dcd_rp2040.c.obj
                0x100049bc                dcd_init
 .text.dcd_edpt0_status_complete
                0x10004a38       0x1c CMakeFiles/pico-sc.dir/C_/Users/Soji/src/pico/downloads/pico-sdk/lib/tinyusb/src/portable/raspberrypi/rp2040/dcd_rp2040.c.obj
                0x10004a38                dcd_edpt0_status_complete
 .text.dcd_edpt_open
                0x10004a54       0x40 CMakeFiles/pico-sc.dir/C_/Users/Soji/src/pico/downloads/pico-sdk/lib/tinyusb/src/portable/raspberrypi/rp2040/dcd_rp2040.c.obj
                0x10004a54                dcd_edpt_open
 .text.dcd_edpt_close_all
                0x10004a94        0x8 CMakeFiles/pico-sc.dir/C_/Users/Soji/src/pico/downloads/pico-sdk/lib/tinyusb/src/portable/raspberrypi/rp2040/dcd_rp2040.c.obj
                0x10004a94                dcd_edpt_close_all
 .text.dcd_edpt_xfer
                0x10004a9c       0x30 CMakeFiles/pico-sc.dir/C_/Users/Soji/src/pico/downloads/pico-sdk/lib/tinyusb/src/portable/raspberrypi/rp2040/dcd_rp2040.c.obj
                0x10004a9c                dcd_edpt_xfer
 .text.dcd_edpt_stall
                0x10004acc       0x2c CMakeFiles/pico-sc.dir/C_/Users/Soji/src/pico/downloads/pico-sdk/lib/tinyusb/src/portable/raspberrypi/rp2040/dcd_rp2040.c.obj
                0x10004acc                dcd_edpt_stall
 .text.dcd_edpt_clear_stall
                0x10004af8       0x20 CMakeFiles/pico-sc.dir/C_/Users/Soji/src/pico/downloads/pico-sdk/lib/tinyusb/src/portable/raspberrypi/rp2040/dcd_rp2040.c.obj
                0x10004af8                dcd_edpt_clear_stall
 .text.prepare_ep_buffer
                0x10004b18       0x70 CMakeFiles/pico-sc.dir/C_/Users/Soji/src/pico/downloads/pico-sdk/lib/tinyusb/src/portable/raspberrypi/rp2040/rp2040_usb.c.obj
 .text.sync_ep_buffer
                0x10004b88       0x7c CMakeFiles/pico-sc.dir/C_/Users/Soji/src/pico/downloads/pico-sdk/lib/tinyusb/src/portable/raspberrypi/rp2040/rp2040_usb.c.obj
 .text._hw_endpoint_xfer_sync
                0x10004c04       0x28 CMakeFiles/pico-sc.dir/C_/Users/Soji/src/pico/downloads/pico-sdk/lib/tinyusb/src/portable/raspberrypi/rp2040/rp2040_usb.c.obj
 .text.rp2040_usb_init
                0x10004c2c       0x4c CMakeFiles/pico-sc.dir/C_/Users/Soji/src/pico/downloads/pico-sdk/lib/tinyusb/src/portable/raspberrypi/rp2040/rp2040_usb.c.obj
                0x10004c2c                rp2040_usb_init
 .text.hw_endpoint_reset_transfer
                0x10004c78        0xc CMakeFiles/pico-sc.dir/C_/Users/Soji/src/pico/downloads/pico-sdk/lib/tinyusb/src/portable/raspberrypi/rp2040/rp2040_usb.c.obj
                0x10004c78                hw_endpoint_reset_transfer
 .text._hw_endpoint_buffer_control_update32
                0x10004c84       0x58 CMakeFiles/pico-sc.dir/C_/Users/Soji/src/pico/downloads/pico-sdk/lib/tinyusb/src/portable/raspberrypi/rp2040/rp2040_usb.c.obj
                0x10004c84                _hw_endpoint_buffer_control_update32
 .text._hw_endpoint_start_next_buffer
                0x10004cdc       0x74 CMakeFiles/pico-sc.dir/C_/Users/Soji/src/pico/downloads/pico-sdk/lib/tinyusb/src/portable/raspberrypi/rp2040/rp2040_usb.c.obj
 .text.hw_endpoint_xfer_start
                0x10004d50       0x48 CMakeFiles/pico-sc.dir/C_/Users/Soji/src/pico/downloads/pico-sdk/lib/tinyusb/src/portable/raspberrypi/rp2040/rp2040_usb.c.obj
                0x10004d50                hw_endpoint_xfer_start
 .text.hw_endpoint_xfer_continue
                0x10004d98       0x38 CMakeFiles/pico-sc.dir/C_/Users/Soji/src/pico/downloads/pico-sdk/lib/tinyusb/src/portable/raspberrypi/rp2040/rp2040_usb.c.obj
                0x10004d98                hw_endpoint_xfer_continue
 .text.configuration_reset
                0x10004dd0       0x84 CMakeFiles/pico-sc.dir/C_/Users/Soji/src/pico/downloads/pico-sdk/lib/tinyusb/src/device/usbd.c.obj
 .text.usbd_reset
                0x10004e54        0xc CMakeFiles/pico-sc.dir/C_/Users/Soji/src/pico/downloads/pico-sdk/lib/tinyusb/src/device/usbd.c.obj
 .text.invoke_class_control
                0x10004e60       0x1a CMakeFiles/pico-sc.dir/C_/Users/Soji/src/pico/downloads/pico-sdk/lib/tinyusb/src/device/usbd.c.obj
 *fill*         0x10004e7a        0x2 
 .text.process_set_config
                0x10004e7c      0x1b0 CMakeFiles/pico-sc.dir/C_/Users/Soji/src/pico/downloads/pico-sdk/lib/tinyusb/src/device/usbd.c.obj
 .text.process_get_descriptor
                0x1000502c       0xec CMakeFiles/pico-sc.dir/C_/Users/Soji/src/pico/downloads/pico-sdk/lib/tinyusb/src/device/usbd.c.obj
 .text.tud_mounted
                0x10005118       0x10 CMakeFiles/pico-sc.dir/C_/Users/Soji/src/pico/downloads/pico-sdk/lib/tinyusb/src/device/usbd.c.obj
                0x10005118                tud_mounted
 .text.tud_suspended
                0x10005128       0x10 CMakeFiles/pico-sc.dir/C_/Users/Soji/src/pico/downloads/pico-sdk/lib/tinyusb/src/device/usbd.c.obj
                0x10005128                tud_suspended
 .text.tud_inited
                0x10005138        0xc CMakeFiles/pico-sc.dir/C_/Users/Soji/src/pico/downloads/pico-sdk/lib/tinyusb/src/device/usbd.c.obj
                0x10005138                tud_inited
 .text.tud_init
                0x10005144       0xcc CMakeFiles/pico-sc.dir/C_/Users/Soji/src/pico/downloads/pico-sdk/lib/tinyusb/src/device/usbd.c.obj
                0x10005144                tud_init
 .text.dcd_event_handler
                0x10005210      0x1e0 CMakeFiles/pico-sc.dir/C_/Users/Soji/src/pico/downloads/pico-sdk/lib/tinyusb/src/device/usbd.c.obj
                0x10005210                dcd_event_handler
 .text.dcd_event_bus_signal
                0x100053f0       0x26 CMakeFiles/pico-sc.dir/C_/Users/Soji/src/pico/downloads/pico-sdk/lib/tinyusb/src/device/usbd.c.obj
                0x100053f0                dcd_event_bus_signal
 .text.dcd_event_bus_reset
                0x10005416       0x2a CMakeFiles/pico-sc.dir/C_/Users/Soji/src/pico/downloads/pico-sdk/lib/tinyusb/src/device/usbd.c.obj
                0x10005416                dcd_event_bus_reset
 .text.dcd_event_setup_received
                0x10005440       0x34 CMakeFiles/pico-sc.dir/C_/Users/Soji/src/pico/downloads/pico-sdk/lib/tinyusb/src/device/usbd.c.obj
                0x10005440                dcd_event_setup_received
 .text.dcd_event_xfer_complete
                0x10005474       0x44 CMakeFiles/pico-sc.dir/C_/Users/Soji/src/pico/downloads/pico-sdk/lib/tinyusb/src/device/usbd.c.obj
                0x10005474                dcd_event_xfer_complete
 .text.usbd_edpt_open
                0x100054b8       0x58 CMakeFiles/pico-sc.dir/C_/Users/Soji/src/pico/downloads/pico-sdk/lib/tinyusb/src/device/usbd.c.obj
                0x100054b8                usbd_edpt_open
 .text.usbd_open_edpt_pair
                0x10005510       0x8c CMakeFiles/pico-sc.dir/C_/Users/Soji/src/pico/downloads/pico-sdk/lib/tinyusb/src/device/usbd.c.obj
                0x10005510                usbd_open_edpt_pair
 .text.usbd_edpt_claim
                0x1000559c       0x8c CMakeFiles/pico-sc.dir/C_/Users/Soji/src/pico/downloads/pico-sdk/lib/tinyusb/src/device/usbd.c.obj
                0x1000559c                usbd_edpt_claim
 .text.usbd_edpt_release
                0x10005628       0x68 CMakeFiles/pico-sc.dir/C_/Users/Soji/src/pico/downloads/pico-sdk/lib/tinyusb/src/device/usbd.c.obj
                0x10005628                usbd_edpt_release
 .text.usbd_edpt_xfer
                0x10005690       0x80 CMakeFiles/pico-sc.dir/C_/Users/Soji/src/pico/downloads/pico-sdk/lib/tinyusb/src/device/usbd.c.obj
                0x10005690                usbd_edpt_xfer
 .text.usbd_edpt_stall
                0x10005710       0x40 CMakeFiles/pico-sc.dir/C_/Users/Soji/src/pico/downloads/pico-sdk/lib/tinyusb/src/device/usbd.c.obj
                0x10005710                usbd_edpt_stall
 .text.usbd_edpt_clear_stall
                0x10005750       0x40 CMakeFiles/pico-sc.dir/C_/Users/Soji/src/pico/downloads/pico-sdk/lib/tinyusb/src/device/usbd.c.obj
                0x10005750                usbd_edpt_clear_stall
 .text.usbd_edpt_stalled
                0x10005790       0x1c CMakeFiles/pico-sc.dir/C_/Users/Soji/src/pico/downloads/pico-sdk/lib/tinyusb/src/device/usbd.c.obj
                0x10005790                usbd_edpt_stalled
 .text.process_control_request
                0x100057ac      0x3b8 CMakeFiles/pico-sc.dir/C_/Users/Soji/src/pico/downloads/pico-sdk/lib/tinyusb/src/device/usbd.c.obj
 .text.tud_task
                0x10005b64      0x218 CMakeFiles/pico-sc.dir/C_/Users/Soji/src/pico/downloads/pico-sdk/lib/tinyusb/src/device/usbd.c.obj
                0x10005b64                tud_task
 .text._data_stage_xact
                0x10005d7c       0x58 CMakeFiles/pico-sc.dir/C_/Users/Soji/src/pico/downloads/pico-sdk/lib/tinyusb/src/device/usbd_control.c.obj
 .text.tud_control_status
                0x10005dd4       0x38 CMakeFiles/pico-sc.dir/C_/Users/Soji/src/pico/downloads/pico-sdk/lib/tinyusb/src/device/usbd_control.c.obj
                0x10005dd4                tud_control_status
 .text.tud_control_xfer
                0x10005e0c       0xa8 CMakeFiles/pico-sc.dir/C_/Users/Soji/src/pico/downloads/pico-sdk/lib/tinyusb/src/device/usbd_control.c.obj
                0x10005e0c                tud_control_xfer
 .text.usbd_control_reset
                0x10005eb4       0x14 CMakeFiles/pico-sc.dir/C_/Users/Soji/src/pico/downloads/pico-sdk/lib/tinyusb/src/device/usbd_control.c.obj
                0x10005eb4                usbd_control_reset
 .text.usbd_control_set_complete_callback
                0x10005ec8        0xc CMakeFiles/pico-sc.dir/C_/Users/Soji/src/pico/downloads/pico-sdk/lib/tinyusb/src/device/usbd_control.c.obj
                0x10005ec8                usbd_control_set_complete_callback
 .text.usbd_control_set_request
                0x10005ed4       0x1c CMakeFiles/pico-sc.dir/C_/Users/Soji/src/pico/downloads/pico-sdk/lib/tinyusb/src/device/usbd_control.c.obj
                0x10005ed4                usbd_control_set_request
 .text.usbd_control_xfer_cb
                0x10005ef0       0xfc CMakeFiles/pico-sc.dir/C_/Users/Soji/src/pico/downloads/pico-sdk/lib/tinyusb/src/device/usbd_control.c.obj
                0x10005ef0                usbd_control_xfer_cb
 .text._prep_out_transaction
                0x10005fec       0x46 CMakeFiles/pico-sc.dir/C_/Users/Soji/src/pico/downloads/pico-sdk/lib/tinyusb/src/class/cdc/cdc_device.c.obj
 *fill*         0x10006032        0x2 
 .text.tud_cdc_n_connected
                0x10006034       0x44 CMakeFiles/pico-sc.dir/C_/Users/Soji/src/pico/downloads/pico-sdk/lib/tinyusb/src/class/cdc/cdc_device.c.obj
                0x10006034                tud_cdc_n_connected
 .text.tud_cdc_n_available
                0x10006078       0x18 CMakeFiles/pico-sc.dir/C_/Users/Soji/src/pico/downloads/pico-sdk/lib/tinyusb/src/class/cdc/cdc_device.c.obj
                0x10006078                tud_cdc_n_available
 .text.tud_cdc_n_read
                0x10006090       0x28 CMakeFiles/pico-sc.dir/C_/Users/Soji/src/pico/downloads/pico-sdk/lib/tinyusb/src/class/cdc/cdc_device.c.obj
                0x10006090                tud_cdc_n_read
 .text.tud_cdc_n_write_flush
                0x100060b8       0xcc CMakeFiles/pico-sc.dir/C_/Users/Soji/src/pico/downloads/pico-sdk/lib/tinyusb/src/class/cdc/cdc_device.c.obj
                0x100060b8                tud_cdc_n_write_flush
 .text.tud_cdc_n_write
                0x10006184       0x38 CMakeFiles/pico-sc.dir/C_/Users/Soji/src/pico/downloads/pico-sdk/lib/tinyusb/src/class/cdc/cdc_device.c.obj
                0x10006184                tud_cdc_n_write
 .text.tud_cdc_n_write_available
                0x100061bc       0x1c CMakeFiles/pico-sc.dir/C_/Users/Soji/src/pico/downloads/pico-sdk/lib/tinyusb/src/class/cdc/cdc_device.c.obj
                0x100061bc                tud_cdc_n_write_available
 .text.cdcd_init
                0x100061d8       0xbc CMakeFiles/pico-sc.dir/C_/Users/Soji/src/pico/downloads/pico-sdk/lib/tinyusb/src/class/cdc/cdc_device.c.obj
                0x100061d8                cdcd_init
 .text.cdcd_reset
                0x10006294       0x44 CMakeFiles/pico-sc.dir/C_/Users/Soji/src/pico/downloads/pico-sdk/lib/tinyusb/src/class/cdc/cdc_device.c.obj
                0x10006294                cdcd_reset
 .text.cdcd_open
                0x100062d8       0xf8 CMakeFiles/pico-sc.dir/C_/Users/Soji/src/pico/downloads/pico-sdk/lib/tinyusb/src/class/cdc/cdc_device.c.obj
                0x100062d8                cdcd_open
 .text.cdcd_control_xfer_cb
                0x100063d0      0x134 CMakeFiles/pico-sc.dir/C_/Users/Soji/src/pico/downloads/pico-sdk/lib/tinyusb/src/class/cdc/cdc_device.c.obj
                0x100063d0                cdcd_control_xfer_cb
 .text.cdcd_xfer_cb
                0x10006504      0x144 CMakeFiles/pico-sc.dir/C_/Users/Soji/src/pico/downloads/pico-sdk/lib/tinyusb/src/class/cdc/cdc_device.c.obj
                0x10006504                cdcd_xfer_cb
 .text.tusb_init
                0x10006648       0x24 CMakeFiles/pico-sc.dir/C_/Users/Soji/src/pico/downloads/pico-sdk/lib/tinyusb/src/tusb.c.obj
                0x10006648                tusb_init
 .text.tusb_inited
                0x1000666c        0xe CMakeFiles/pico-sc.dir/C_/Users/Soji/src/pico/downloads/pico-sdk/lib/tinyusb/src/tusb.c.obj
                0x1000666c                tusb_inited
 *fill*         0x1000667a        0x2 
 .text.tu_edpt_validate
                0x1000667c       0xa8 CMakeFiles/pico-sc.dir/C_/Users/Soji/src/pico/downloads/pico-sdk/lib/tinyusb/src/tusb.c.obj
                0x1000667c                tu_edpt_validate
 .text.tu_edpt_bind_driver
                0x10006724       0x2a CMakeFiles/pico-sc.dir/C_/Users/Soji/src/pico/downloads/pico-sdk/lib/tinyusb/src/tusb.c.obj
                0x10006724                tu_edpt_bind_driver
 .text.advance_pointer
                0x1000674e       0x18 CMakeFiles/pico-sc.dir/C_/Users/Soji/src/pico/downloads/pico-sdk/lib/tinyusb/src/common/tusb_fifo.c.obj
 .text.backward_pointer
                0x10006766       0x1e CMakeFiles/pico-sc.dir/C_/Users/Soji/src/pico/downloads/pico-sdk/lib/tinyusb/src/common/tusb_fifo.c.obj
 .text.get_relative_pointer
                0x10006784       0x10 CMakeFiles/pico-sc.dir/C_/Users/Soji/src/pico/downloads/pico-sdk/lib/tinyusb/src/common/tusb_fifo.c.obj
 .text._tu_fifo_peek
                0x10006794       0x50 CMakeFiles/pico-sc.dir/C_/Users/Soji/src/pico/downloads/pico-sdk/lib/tinyusb/src/common/tusb_fifo.c.obj
 .text._ff_pull_const_addr
                0x100067e4       0x4c CMakeFiles/pico-sc.dir/C_/Users/Soji/src/pico/downloads/pico-sdk/lib/tinyusb/src/common/tusb_fifo.c.obj
 .text._ff_pull_n
                0x10006830      0x10c CMakeFiles/pico-sc.dir/C_/Users/Soji/src/pico/downloads/pico-sdk/lib/tinyusb/src/common/tusb_fifo.c.obj
 .text._tu_fifo_peek_n
                0x1000693c       0x5e CMakeFiles/pico-sc.dir/C_/Users/Soji/src/pico/downloads/pico-sdk/lib/tinyusb/src/common/tusb_fifo.c.obj
 .text._tu_fifo_read_n
                0x1000699a       0x4e CMakeFiles/pico-sc.dir/C_/Users/Soji/src/pico/downloads/pico-sdk/lib/tinyusb/src/common/tusb_fifo.c.obj
 .text._ff_push_const_addr
                0x100069e8       0x40 CMakeFiles/pico-sc.dir/C_/Users/Soji/src/pico/downloads/pico-sdk/lib/tinyusb/src/common/tusb_fifo.c.obj
 .text._ff_push_n
                0x10006a28      0x108 CMakeFiles/pico-sc.dir/C_/Users/Soji/src/pico/downloads/pico-sdk/lib/tinyusb/src/common/tusb_fifo.c.obj
 .text._tu_fifo_write_n
                0x10006b30       0x9e CMakeFiles/pico-sc.dir/C_/Users/Soji/src/pico/downloads/pico-sdk/lib/tinyusb/src/common/tusb_fifo.c.obj
 .text.tu_fifo_config
                0x10006bce       0x72 CMakeFiles/pico-sc.dir/C_/Users/Soji/src/pico/downloads/pico-sdk/lib/tinyusb/src/common/tusb_fifo.c.obj
                0x10006bce                tu_fifo_config
 .text.tu_fifo_count
                0x10006c40       0x26 CMakeFiles/pico-sc.dir/C_/Users/Soji/src/pico/downloads/pico-sdk/lib/tinyusb/src/common/tusb_fifo.c.obj
                0x10006c40                tu_fifo_count
 .text.tu_fifo_empty
                0x10006c66       0x10 CMakeFiles/pico-sc.dir/C_/Users/Soji/src/pico/downloads/pico-sdk/lib/tinyusb/src/common/tusb_fifo.c.obj
                0x10006c66                tu_fifo_empty
 .text.tu_fifo_remaining
                0x10006c76       0x20 CMakeFiles/pico-sc.dir/C_/Users/Soji/src/pico/downloads/pico-sdk/lib/tinyusb/src/common/tusb_fifo.c.obj
                0x10006c76                tu_fifo_remaining
 .text.tu_fifo_read
                0x10006c96       0x42 CMakeFiles/pico-sc.dir/C_/Users/Soji/src/pico/downloads/pico-sdk/lib/tinyusb/src/common/tusb_fifo.c.obj
                0x10006c96                tu_fifo_read
 .text.tu_fifo_read_n
                0x10006cd8        0xa CMakeFiles/pico-sc.dir/C_/Users/Soji/src/pico/downloads/pico-sdk/lib/tinyusb/src/common/tusb_fifo.c.obj
                0x10006cd8                tu_fifo_read_n
 .text.tu_fifo_write
                0x10006ce2       0x6c CMakeFiles/pico-sc.dir/C_/Users/Soji/src/pico/downloads/pico-sdk/lib/tinyusb/src/common/tusb_fifo.c.obj
                0x10006ce2                tu_fifo_write
 .text.tu_fifo_write_n
                0x10006d4e        0xa CMakeFiles/pico-sc.dir/C_/Users/Soji/src/pico/downloads/pico-sdk/lib/tinyusb/src/common/tusb_fifo.c.obj
                0x10006d4e                tu_fifo_write_n
 .text.tu_fifo_clear
                0x10006d58       0x4c CMakeFiles/pico-sc.dir/C_/Users/Soji/src/pico/downloads/pico-sdk/lib/tinyusb/src/common/tusb_fifo.c.obj
                0x10006d58                tu_fifo_clear
 .text.tu_fifo_set_overwritable
                0x10006da4       0x3c CMakeFiles/pico-sc.dir/C_/Users/Soji/src/pico/downloads/pico-sdk/lib/tinyusb/src/common/tusb_fifo.c.obj
                0x10006da4                tu_fifo_set_overwritable
 .text._retrieve_unique_id_on_boot
                0x10006de0       0x10 CMakeFiles/pico-sc.dir/C_/Users/Soji/src/pico/downloads/pico-sdk/src/rp2_common/pico_unique_id/unique_id.c.obj
 .text.pico_get_unique_board_id_string
                0x10006df0       0x60 CMakeFiles/pico-sc.dir/C_/Users/Soji/src/pico/downloads/pico-sdk/src/rp2_common/pico_unique_id/unique_id.c.obj
                0x10006df0                pico_get_unique_board_id_string
 .text.flash_get_unique_id
                0x10006e50       0x46 CMakeFiles/pico-sc.dir/C_/Users/Soji/src/pico/downloads/pico-sdk/src/rp2_common/hardware_flash/flash.c.obj
                0x10006e50                flash_get_unique_id
 *fill*         0x10006e96        0x2 
 .text.strlen   0x10006e98       0x5c c:/progra~2/gnuarm~1/102021~1.10/bin/../lib/gcc/arm-none-eabi/10.3.1/../../../../arm-none-eabi/lib/thumb/v6-m/nofp\libg.a(lib_a-strlen-stub.o)
                0x10006e98                strlen
 *(.fini)
 .fini          0x10006ef4        0x4 c:/progra~2/gnuarm~1/102021~1.10/bin/../lib/gcc/arm-none-eabi/10.3.1/thumb/v6-m/nofp/crti.o
                0x10006ef4                _fini
 .fini.__stub   0x10006ef8       0x70 linker stubs
 *crtbegin.o(.ctors)
 *crtbegin?.o(.ctors)
 *(EXCLUDE_FILE(*crtend.o *crtend?.o) .ctors)
 *(SORT_BY_NAME(.ctors.*))
 *(.ctors)
 *crtbegin.o(.dtors)
 *crtbegin?.o(.dtors)
 *(EXCLUDE_FILE(*crtend.o *crtend?.o) .dtors)
 *(SORT_BY_NAME(.dtors.*))
 *(.dtors)
 *(.eh_frame*)
 .eh_frame      0x10006f68        0x0 c:/progra~2/gnuarm~1/102021~1.10/bin/../lib/gcc/arm-none-eabi/10.3.1/thumb/v6-m/nofp/crtbegin.o
                0x10006f68                . = ALIGN (0x4)

.glue_7         0x10006f68        0x0
 .glue_7        0x10006f68        0x0 linker stubs

.glue_7t        0x10006f68        0x0
 .glue_7t       0x10006f68        0x0 linker stubs

.vfp11_veneer   0x10006f68        0x0
 .vfp11_veneer  0x10006f68        0x0 linker stubs

.v4_bx          0x10006f68        0x0
 .v4_bx         0x10006f68        0x0 linker stubs

.iplt           0x10006f68        0x0
 .iplt          0x10006f68        0x0 c:/progra~2/gnuarm~1/102021~1.10/bin/../lib/gcc/arm-none-eabi/10.3.1/thumb/v6-m/nofp/crtbegin.o

.rodata         0x10006f68     0x1680
 *(EXCLUDE_FILE(*libm.a: *libc.a:*lib_a-mem*.o *libgcc.a:) .rodata*)
 .rodata.main.str1.4
                0x10006f68        0xa CMakeFiles/pico-sc.dir/pico-sc.c.obj
 *fill*         0x10006f72        0x2 
 .rodata.spin_lock_claim_unused.str1.4
                0x10006f74       0x1b CMakeFiles/pico-sc.dir/C_/Users/Soji/src/pico/downloads/pico-sdk/src/rp2_common/hardware_sync/sync.c.obj
 *fill*         0x10006f8f        0x1 
 .rodata.repeating_timer_callback.str1.4
                0x10006f90       0x5a CMakeFiles/pico-sc.dir/C_/Users/Soji/src/pico/downloads/pico-sdk/src/common/pico_time/time.c.obj
 *fill*         0x10006fea        0x2 
 .rodata.alarm_pool_dump_key.str1.4
                0x10006fec       0x33 CMakeFiles/pico-sc.dir/C_/Users/Soji/src/pico/downloads/pico-sdk/src/common/pico_time/time.c.obj
 *fill*         0x1000701f        0x1 
 .rodata.ph_add_child_node.str1.4
                0x10007020       0xa6 CMakeFiles/pico-sc.dir/C_/Users/Soji/src/pico/downloads/pico-sdk/src/common/pico_time/time.c.obj
 *fill*         0x100070c6        0x2 
 .rodata.add_alarm_under_lock.str1.4
                0x100070c8       0x28 CMakeFiles/pico-sc.dir/C_/Users/Soji/src/pico/downloads/pico-sdk/src/common/pico_time/time.c.obj
                                 0x2b (size before relaxing)
 .rodata.alarm_pool_alarm_callback.str1.4
                0x100070f0       0xf2 CMakeFiles/pico-sc.dir/C_/Users/Soji/src/pico/downloads/pico-sdk/src/common/pico_time/time.c.obj
 *fill*         0x100071e2        0x2 
 .rodata.alarm_pool_get_default.str1.4
                0x100071e4       0x21 CMakeFiles/pico-sc.dir/C_/Users/Soji/src/pico/downloads/pico-sdk/src/common/pico_time/time.c.obj
 *fill*         0x10007205        0x3 
 .rodata.alarm_pool_cancel_alarm.str1.4
                0x10007208       0x27 CMakeFiles/pico-sc.dir/C_/Users/Soji/src/pico/downloads/pico-sdk/src/common/pico_time/time.c.obj
 *fill*         0x1000722f        0x1 
 .rodata.sleep_until.str1.4
                0x10007230       0x4d CMakeFiles/pico-sc.dir/C_/Users/Soji/src/pico/downloads/pico-sdk/src/common/pico_time/time.c.obj
 *fill*         0x1000727d        0x3 
 .rodata.__func__.1
                0x10007280       0x18 CMakeFiles/pico-sc.dir/C_/Users/Soji/src/pico/downloads/pico-sdk/src/common/pico_time/time.c.obj
 .rodata.__func__.10
                0x10007298       0x15 CMakeFiles/pico-sc.dir/C_/Users/Soji/src/pico/downloads/pico-sdk/src/common/pico_time/time.c.obj
 *fill*         0x100072ad        0x3 
 .rodata.__func__.11
                0x100072b0       0x1a CMakeFiles/pico-sc.dir/C_/Users/Soji/src/pico/downloads/pico-sdk/src/common/pico_time/time.c.obj
 *fill*         0x100072ca        0x2 
 .rodata.__func__.12
                0x100072cc        0xa CMakeFiles/pico-sc.dir/C_/Users/Soji/src/pico/downloads/pico-sdk/src/common/pico_time/time.c.obj
 *fill*         0x100072d6        0x2 
 .rodata.__func__.3
                0x100072d8       0x17 CMakeFiles/pico-sc.dir/C_/Users/Soji/src/pico/downloads/pico-sdk/src/common/pico_time/time.c.obj
 *fill*         0x100072ef        0x1 
 .rodata.__func__.4
                0x100072f0       0x12 CMakeFiles/pico-sc.dir/C_/Users/Soji/src/pico/downloads/pico-sdk/src/common/pico_time/time.c.obj
 *fill*         0x10007302        0x2 
 .rodata.__func__.5
                0x10007304        0xd CMakeFiles/pico-sc.dir/C_/Users/Soji/src/pico/downloads/pico-sdk/src/common/pico_time/time.c.obj
 *fill*         0x10007311        0x3 
 .rodata.__func__.6
                0x10007314       0x12 CMakeFiles/pico-sc.dir/C_/Users/Soji/src/pico/downloads/pico-sdk/src/common/pico_time/time.c.obj
 *fill*         0x10007326        0x2 
 .rodata.__func__.7
                0x10007328        0xf CMakeFiles/pico-sc.dir/C_/Users/Soji/src/pico/downloads/pico-sdk/src/common/pico_time/time.c.obj
 *fill*         0x10007337        0x1 
 .rodata.__func__.8
                0x10007338        0xc CMakeFiles/pico-sc.dir/C_/Users/Soji/src/pico/downloads/pico-sdk/src/common/pico_time/time.c.obj
 .rodata.__func__.9
                0x10007344       0x15 CMakeFiles/pico-sc.dir/C_/Users/Soji/src/pico/downloads/pico-sdk/src/common/pico_time/time.c.obj
 *fill*         0x10007359        0x3 
 .rodata.hardware_alarm_claim.str1.4
                0x1000735c       0x22 CMakeFiles/pico-sc.dir/C_/Users/Soji/src/pico/downloads/pico-sdk/src/rp2_common/hardware_timer/timer.c.obj
 *fill*         0x1000737e        0x2 
 .rodata.hardware_alarm_set_target.str1.4
                0x10007380       0x74 CMakeFiles/pico-sc.dir/C_/Users/Soji/src/pico/downloads/pico-sdk/src/rp2_common/hardware_timer/timer.c.obj
 .rodata.__func__.0
                0x100073f4       0x1a CMakeFiles/pico-sc.dir/C_/Users/Soji/src/pico/downloads/pico-sdk/src/rp2_common/hardware_timer/timer.c.obj
 *fill*         0x1000740e        0x2 
 .rodata.str1.4
                0x10007410       0x99 CMakeFiles/pico-sc.dir/C_/Users/Soji/src/pico/downloads/pico-sdk/src/common/pico_sync/mutex.c.obj
                                0x109 (size before relaxing)
 *fill*         0x100074a9        0x3 
 .rodata.__func__.1
                0x100074ac        0xb CMakeFiles/pico-sc.dir/C_/Users/Soji/src/pico/downloads/pico-sdk/src/common/pico_sync/mutex.c.obj
 *fill*         0x100074b7        0x1 
 .rodata.__func__.3
                0x100074b8       0x18 CMakeFiles/pico-sc.dir/C_/Users/Soji/src/pico/downloads/pico-sdk/src/common/pico_sync/mutex.c.obj
 .rodata.__func__.4
                0x100074d0       0x15 CMakeFiles/pico-sc.dir/C_/Users/Soji/src/pico/downloads/pico-sdk/src/common/pico_sync/mutex.c.obj
 .rodata.ph_add_child_node.str1.4
                0x100074e5       0xa6 CMakeFiles/pico-sc.dir/C_/Users/Soji/src/pico/downloads/pico-sdk/src/common/pico_util/pheap.c.obj
 *fill*         0x100074e5        0x3 
 .rodata.ph_remove_any_head.str1.4
                0x100074e8       0x9c CMakeFiles/pico-sc.dir/C_/Users/Soji/src/pico/downloads/pico-sdk/src/common/pico_util/pheap.c.obj
 .rodata.ph_remove_and_free_node.str1.4
                0x10007584       0x26 CMakeFiles/pico-sc.dir/C_/Users/Soji/src/pico/downloads/pico-sdk/src/common/pico_util/pheap.c.obj
 *fill*         0x100075aa        0x2 
 .rodata.__func__.0
                0x100075ac       0x18 CMakeFiles/pico-sc.dir/C_/Users/Soji/src/pico/downloads/pico-sdk/src/common/pico_util/pheap.c.obj
 .rodata.__func__.1
                0x100075c4       0x13 CMakeFiles/pico-sc.dir/C_/Users/Soji/src/pico/downloads/pico-sdk/src/common/pico_util/pheap.c.obj
 *fill*         0x100075d7        0x1 
 .rodata.__func__.2
                0x100075d8       0x12 CMakeFiles/pico-sc.dir/C_/Users/Soji/src/pico/downloads/pico-sdk/src/common/pico_util/pheap.c.obj
 *fill*         0x100075ea        0x2 
 .rodata.__func__.3
                0x100075ec        0xc CMakeFiles/pico-sc.dir/C_/Users/Soji/src/pico/downloads/pico-sdk/src/common/pico_util/pheap.c.obj
 .rodata.__assert_func.str1.4
                0x100075f8       0x3f CMakeFiles/pico-sc.dir/C_/Users/Soji/src/pico/downloads/pico-sdk/src/rp2_common/pico_runtime/runtime.c.obj
                                 0x43 (size before relaxing)
 *fill*         0x10007637        0x1 
 .rodata.runtime_init.str1.4
                0x10007638       0x70 CMakeFiles/pico-sc.dir/C_/Users/Soji/src/pico/downloads/pico-sdk/src/rp2_common/pico_runtime/runtime.c.obj
 .rodata.panic.str1.4
                0x100076a8       0x12 CMakeFiles/pico-sc.dir/C_/Users/Soji/src/pico/downloads/pico-sdk/src/rp2_common/pico_runtime/runtime.c.obj
 *fill*         0x100076ba        0x2 
 .rodata.__func__.1
                0x100076bc        0xd CMakeFiles/pico-sc.dir/C_/Users/Soji/src/pico/downloads/pico-sdk/src/rp2_common/pico_runtime/runtime.c.obj
 *fill*         0x100076c9        0x3 
 .rodata.clock_configure.str1.4
                0x100076cc       0x66 CMakeFiles/pico-sc.dir/C_/Users/Soji/src/pico/downloads/pico-sdk/src/rp2_common/hardware_clocks/clocks.c.obj
 *fill*         0x10007732        0x2 
 .rodata.__func__.1
                0x10007734       0x10 CMakeFiles/pico-sc.dir/C_/Users/Soji/src/pico/downloads/pico-sdk/src/rp2_common/hardware_clocks/clocks.c.obj
 .rodata.make_branch.str1.4
                0x10007744       0x5c CMakeFiles/pico-sc.dir/C_/Users/Soji/src/pico/downloads/pico-sdk/src/rp2_common/hardware_irq/irq.c.obj
 .rodata.irq_set_exclusive_handler.str1.4
                0x100077a0       0x36 CMakeFiles/pico-sc.dir/C_/Users/Soji/src/pico/downloads/pico-sdk/src/rp2_common/hardware_irq/irq.c.obj
 *fill*         0x100077d6        0x2 
 .rodata.irq_add_shared_handler.str1.4
                0x100077d8       0xd9 CMakeFiles/pico-sc.dir/C_/Users/Soji/src/pico/downloads/pico-sdk/src/rp2_common/hardware_irq/irq.c.obj
 *fill*         0x100078b1        0x3 
 .rodata.irq_remove_handler.str1.4
                0x100078b4       0x2a CMakeFiles/pico-sc.dir/C_/Users/Soji/src/pico/downloads/pico-sdk/src/rp2_common/hardware_irq/irq.c.obj
 *fill*         0x100078de        0x2 
 .rodata.irq_add_tail_to_free_list.str1.4
                0x100078e0       0x32 CMakeFiles/pico-sc.dir/C_/Users/Soji/src/pico/downloads/pico-sdk/src/rp2_common/hardware_irq/irq.c.obj
                                 0x3a (size before relaxing)
 *fill*         0x10007912        0x2 
 .rodata.__func__.0
                0x10007914       0x1a CMakeFiles/pico-sc.dir/C_/Users/Soji/src/pico/downloads/pico-sdk/src/rp2_common/hardware_irq/irq.c.obj
 *fill*         0x1000792e        0x2 
 .rodata.__func__.1
                0x10007930       0x17 CMakeFiles/pico-sc.dir/C_/Users/Soji/src/pico/downloads/pico-sdk/src/rp2_common/hardware_irq/irq.c.obj
 *fill*         0x10007947        0x1 
 .rodata.__func__.2
                0x10007948       0x13 CMakeFiles/pico-sc.dir/C_/Users/Soji/src/pico/downloads/pico-sdk/src/rp2_common/hardware_irq/irq.c.obj
 *fill*         0x1000795b        0x1 
 .rodata.__func__.3
                0x1000795c        0xc CMakeFiles/pico-sc.dir/C_/Users/Soji/src/pico/downloads/pico-sdk/src/rp2_common/hardware_irq/irq.c.obj
 .rodata.__func__.4
                0x10007968        0xf CMakeFiles/pico-sc.dir/C_/Users/Soji/src/pico/downloads/pico-sdk/src/rp2_common/hardware_irq/irq.c.obj
 *fill*         0x10007977        0x1 
 .rodata.__func__.6
                0x10007978       0x1a CMakeFiles/pico-sc.dir/C_/Users/Soji/src/pico/downloads/pico-sdk/src/rp2_common/hardware_irq/irq.c.obj
 *fill*         0x10007992        0x2 
 .rodata.pll_init.str1.4
                0x10007994       0xe7 CMakeFiles/pico-sc.dir/C_/Users/Soji/src/pico/downloads/pico-sdk/src/rp2_common/hardware_pll/pll.c.obj
 *fill*         0x10007a7b        0x1 
 .rodata.__func__.0
                0x10007a7c        0x9 CMakeFiles/pico-sc.dir/C_/Users/Soji/src/pico/downloads/pico-sdk/src/rp2_common/hardware_pll/pll.c.obj
 *fill*         0x10007a85        0x3 
 .rodata._ftoa.str1.4
                0x10007a88       0x15 CMakeFiles/pico-sc.dir/C_/Users/Soji/src/pico/downloads/pico-sdk/src/rp2_common/pico_printf/printf.c.obj
 *fill*         0x10007a9d        0x3 
 .rodata._vsnprintf
                0x10007aa0      0x1e0 CMakeFiles/pico-sc.dir/C_/Users/Soji/src/pico/downloads/pico-sdk/src/rp2_common/pico_printf/printf.c.obj
 .rodata.pow10.0
                0x10007c80       0x50 CMakeFiles/pico-sc.dir/C_/Users/Soji/src/pico/downloads/pico-sdk/src/rp2_common/pico_printf/printf.c.obj
 .rodata.__aeabi_double_init.str1.4
                0x10007cd0       0xb7 CMakeFiles/pico-sc.dir/C_/Users/Soji/src/pico/downloads/pico-sdk/src/rp2_common/pico_double/double_init_rom.c.obj
 *fill*         0x10007d87        0x1 
 .rodata.__func__.0
                0x10007d88       0x14 CMakeFiles/pico-sc.dir/C_/Users/Soji/src/pico/downloads/pico-sdk/src/rp2_common/pico_double/double_init_rom.c.obj
 .rodata.__aeabi_float_init.str1.4
                0x10007d9c       0x89 CMakeFiles/pico-sc.dir/C_/Users/Soji/src/pico/downloads/pico-sdk/src/rp2_common/pico_float/float_init_rom.c.obj
                                 0x8d (size before relaxing)
 *fill*         0x10007e25        0x3 
 .rodata.__func__.0
                0x10007e28       0x13 CMakeFiles/pico-sc.dir/C_/Users/Soji/src/pico/downloads/pico-sdk/src/rp2_common/pico_float/float_init_rom.c.obj
 *fill*         0x10007e3b        0x1 
 .rodata.str1.4
                0x10007e3c       0x3c CMakeFiles/pico-sc.dir/C_/Users/Soji/src/pico/downloads/pico-sdk/src/rp2_common/pico_standard_link/binary_info.c.obj
 .rodata.__bi_44
                0x10007e78        0xc CMakeFiles/pico-sc.dir/C_/Users/Soji/src/pico/downloads/pico-sdk/src/rp2_common/pico_standard_link/binary_info.c.obj
 .rodata.__bi_75
                0x10007e84        0xc CMakeFiles/pico-sc.dir/C_/Users/Soji/src/pico/downloads/pico-sdk/src/rp2_common/pico_standard_link/binary_info.c.obj
 .rodata.__bi_81
                0x10007e90        0xc CMakeFiles/pico-sc.dir/C_/Users/Soji/src/pico/downloads/pico-sdk/src/rp2_common/pico_standard_link/binary_info.c.obj
 .rodata.crlf_str.3
                0x10007e9c        0x2 CMakeFiles/pico-sc.dir/C_/Users/Soji/src/pico/downloads/pico-sdk/src/rp2_common/pico_stdio/stdio.c.obj
 *fill*         0x10007e9e        0x2 
 .rodata._resetd_driver
                0x10007ea0       0x18 CMakeFiles/pico-sc.dir/C_/Users/Soji/src/pico/downloads/pico-sdk/src/rp2_common/pico_stdio_usb/reset_interface.c.obj
 .rodata.stdio_usb_init.str1.4
                0x10007eb8       0x70 CMakeFiles/pico-sc.dir/C_/Users/Soji/src/pico/downloads/pico-sdk/src/rp2_common/pico_stdio_usb/stdio_usb.c.obj
 .rodata.str1.4
                0x10007eb8       0x13 CMakeFiles/pico-sc.dir/C_/Users/Soji/src/pico/downloads/pico-sdk/src/rp2_common/pico_stdio_usb/stdio_usb.c.obj
 *fill*         0x10007ecb        0x1 
 .rodata.__bi_93.1
                0x10007ecc        0xc CMakeFiles/pico-sc.dir/C_/Users/Soji/src/pico/downloads/pico-sdk/src/rp2_common/pico_stdio_usb/stdio_usb.c.obj
 .rodata.__func__.0
                0x10007ed8       0x15 CMakeFiles/pico-sc.dir/C_/Users/Soji/src/pico/downloads/pico-sdk/src/rp2_common/pico_stdio_usb/stdio_usb.c.obj
 *fill*         0x10007eed        0x3 
 .rodata.str1.4
                0x10007ef0       0x2a CMakeFiles/pico-sc.dir/C_/Users/Soji/src/pico/downloads/pico-sdk/src/rp2_common/pico_stdio_usb/stdio_usb_descriptors.c.obj
 *fill*         0x10007f1a        0x2 
 .rodata.usbd_desc_cfg
                0x10007f1c       0x54 CMakeFiles/pico-sc.dir/C_/Users/Soji/src/pico/downloads/pico-sdk/src/rp2_common/pico_stdio_usb/stdio_usb_descriptors.c.obj
 .rodata.usbd_desc_device
                0x10007f70       0x12 CMakeFiles/pico-sc.dir/C_/Users/Soji/src/pico/downloads/pico-sdk/src/rp2_common/pico_stdio_usb/stdio_usb_descriptors.c.obj
 *fill*         0x10007f82        0x2 
 .rodata.usbd_desc_str
                0x10007f84       0x18 CMakeFiles/pico-sc.dir/C_/Users/Soji/src/pico/downloads/pico-sdk/src/rp2_common/pico_stdio_usb/stdio_usb_descriptors.c.obj
 .rodata._hw_endpoint_alloc.str1.4
                0x10007f9c       0xc5 CMakeFiles/pico-sc.dir/C_/Users/Soji/src/pico/downloads/pico-sdk/lib/tinyusb/src/portable/raspberrypi/rp2040/dcd_rp2040.c.obj
 *fill*         0x10008061        0x3 
 .rodata.dcd_rp2040_irq.str1.4
                0x10008064       0x14 CMakeFiles/pico-sc.dir/C_/Users/Soji/src/pico/downloads/pico-sdk/lib/tinyusb/src/portable/raspberrypi/rp2040/dcd_rp2040.c.obj
 .rodata.dcd_int_enable.str1.4
                0x10008078        0xc CMakeFiles/pico-sc.dir/C_/Users/Soji/src/pico/downloads/pico-sdk/lib/tinyusb/src/portable/raspberrypi/rp2040/dcd_rp2040.c.obj
 .rodata.__func__.0
                0x10008084        0xe CMakeFiles/pico-sc.dir/C_/Users/Soji/src/pico/downloads/pico-sdk/lib/tinyusb/src/portable/raspberrypi/rp2040/dcd_rp2040.c.obj
 *fill*         0x10008092        0x2 
 .rodata.__func__.1
                0x10008094        0xe CMakeFiles/pico-sc.dir/C_/Users/Soji/src/pico/downloads/pico-sdk/lib/tinyusb/src/portable/raspberrypi/rp2040/dcd_rp2040.c.obj
 *fill*         0x100080a2        0x2 
 .rodata.__func__.3
                0x100080a4       0x10 CMakeFiles/pico-sc.dir/C_/Users/Soji/src/pico/downloads/pico-sdk/lib/tinyusb/src/portable/raspberrypi/rp2040/dcd_rp2040.c.obj
 .rodata.__func__.5
                0x100080b4        0xf CMakeFiles/pico-sc.dir/C_/Users/Soji/src/pico/downloads/pico-sdk/lib/tinyusb/src/portable/raspberrypi/rp2040/dcd_rp2040.c.obj
 *fill*         0x100080c3        0x1 
 .rodata.__func__.6
                0x100080c4       0x13 CMakeFiles/pico-sc.dir/C_/Users/Soji/src/pico/downloads/pico-sdk/lib/tinyusb/src/portable/raspberrypi/rp2040/dcd_rp2040.c.obj
 *fill*         0x100080d7        0x1 
 .rodata.__func__.7
                0x100080d8        0x9 CMakeFiles/pico-sc.dir/C_/Users/Soji/src/pico/downloads/pico-sdk/lib/tinyusb/src/portable/raspberrypi/rp2040/dcd_rp2040.c.obj
 *fill*         0x100080e1        0x3 
 .rodata.sync_ep_buffer.str1.4
                0x100080e4       0xa1 CMakeFiles/pico-sc.dir/C_/Users/Soji/src/pico/downloads/pico-sdk/lib/tinyusb/src/portable/raspberrypi/rp2040/rp2040_usb.c.obj
 *fill*         0x10008185        0x3 
 .rodata._hw_endpoint_buffer_control_update32.str1.4
                0x10008188       0x1f CMakeFiles/pico-sc.dir/C_/Users/Soji/src/pico/downloads/pico-sdk/lib/tinyusb/src/portable/raspberrypi/rp2040/rp2040_usb.c.obj
 *fill*         0x100081a7        0x1 
 .rodata.hw_endpoint_xfer_start.str1.4
                0x100081a8       0x38 CMakeFiles/pico-sc.dir/C_/Users/Soji/src/pico/downloads/pico-sdk/lib/tinyusb/src/portable/raspberrypi/rp2040/rp2040_usb.c.obj
 .rodata.hw_endpoint_xfer_continue.str1.4
                0x100081e0       0x29 CMakeFiles/pico-sc.dir/C_/Users/Soji/src/pico/downloads/pico-sdk/lib/tinyusb/src/portable/raspberrypi/rp2040/rp2040_usb.c.obj
 *fill*         0x10008209        0x3 
 .rodata.str1.4
                0x1000820c        0x7 CMakeFiles/pico-sc.dir/C_/Users/Soji/src/pico/downloads/pico-sdk/lib/tinyusb/src/portable/raspberrypi/rp2040/rp2040_usb.c.obj
 *fill*         0x10008213        0x1 
 .rodata.__func__.0
                0x10008214        0xf CMakeFiles/pico-sc.dir/C_/Users/Soji/src/pico/downloads/pico-sdk/lib/tinyusb/src/portable/raspberrypi/rp2040/rp2040_usb.c.obj
 *fill*         0x10008223        0x1 
 .rodata.process_set_config.str1.4
                0x10008224       0x17 CMakeFiles/pico-sc.dir/C_/Users/Soji/src/pico/downloads/pico-sdk/lib/tinyusb/src/device/usbd.c.obj
 *fill*         0x1000823b        0x1 
 .rodata.process_get_descriptor
                0x1000823c       0x40 CMakeFiles/pico-sc.dir/C_/Users/Soji/src/pico/downloads/pico-sdk/lib/tinyusb/src/device/usbd.c.obj
 .rodata.process_control_request
                0x1000827c       0x28 CMakeFiles/pico-sc.dir/C_/Users/Soji/src/pico/downloads/pico-sdk/lib/tinyusb/src/device/usbd.c.obj
 .rodata.tud_task
                0x100082a4       0x24 CMakeFiles/pico-sc.dir/C_/Users/Soji/src/pico/downloads/pico-sdk/lib/tinyusb/src/device/usbd.c.obj
 .rodata.__func__.2
                0x100082c8        0xf CMakeFiles/pico-sc.dir/C_/Users/Soji/src/pico/downloads/pico-sdk/lib/tinyusb/src/device/usbd.c.obj
 *fill*         0x100082d7        0x1 
 .rodata.__func__.3
                0x100082d8        0xf CMakeFiles/pico-sc.dir/C_/Users/Soji/src/pico/downloads/pico-sdk/lib/tinyusb/src/device/usbd.c.obj
 *fill*         0x100082e7        0x1 
 .rodata.__func__.4
                0x100082e8       0x14 CMakeFiles/pico-sc.dir/C_/Users/Soji/src/pico/downloads/pico-sdk/lib/tinyusb/src/device/usbd.c.obj
 .rodata.__func__.5
                0x100082fc       0x10 CMakeFiles/pico-sc.dir/C_/Users/Soji/src/pico/downloads/pico-sdk/lib/tinyusb/src/device/usbd.c.obj
 .rodata.__func__.6
                0x1000830c       0x17 CMakeFiles/pico-sc.dir/C_/Users/Soji/src/pico/downloads/pico-sdk/lib/tinyusb/src/device/usbd.c.obj
 *fill*         0x10008323        0x1 
 .rodata.__func__.7
                0x10008324       0x13 CMakeFiles/pico-sc.dir/C_/Users/Soji/src/pico/downloads/pico-sdk/lib/tinyusb/src/device/usbd.c.obj
 *fill*         0x10008337        0x1 
 .rodata.__func__.8
                0x10008338       0x18 CMakeFiles/pico-sc.dir/C_/Users/Soji/src/pico/downloads/pico-sdk/lib/tinyusb/src/device/usbd.c.obj
 .rodata.__func__.9
                0x10008350        0x9 CMakeFiles/pico-sc.dir/C_/Users/Soji/src/pico/downloads/pico-sdk/lib/tinyusb/src/device/usbd.c.obj
 *fill*         0x10008359        0x3 
 .rodata._usbd_driver
                0x1000835c       0x18 CMakeFiles/pico-sc.dir/C_/Users/Soji/src/pico/downloads/pico-sdk/lib/tinyusb/src/device/usbd.c.obj
 .rodata.tud_control_xfer.str1.4
                0x10008374       0x17 CMakeFiles/pico-sc.dir/C_/Users/Soji/src/pico/downloads/pico-sdk/lib/tinyusb/src/device/usbd_control.c.obj
 .rodata.__func__.0
                0x10008374       0x15 CMakeFiles/pico-sc.dir/C_/Users/Soji/src/pico/downloads/pico-sdk/lib/tinyusb/src/device/usbd_control.c.obj
 *fill*         0x10008389        0x3 
 .rodata.__func__.1
                0x1000838c       0x11 CMakeFiles/pico-sc.dir/C_/Users/Soji/src/pico/downloads/pico-sdk/lib/tinyusb/src/device/usbd_control.c.obj
 .rodata.tud_cdc_n_write_flush.str1.4
                0x1000839d       0x17 CMakeFiles/pico-sc.dir/C_/Users/Soji/src/pico/downloads/pico-sdk/lib/tinyusb/src/class/cdc/cdc_device.c.obj
 *fill*         0x1000839d        0x3 
 .rodata.__func__.0
                0x100083a0        0xd CMakeFiles/pico-sc.dir/C_/Users/Soji/src/pico/downloads/pico-sdk/lib/tinyusb/src/class/cdc/cdc_device.c.obj
 *fill*         0x100083ad        0x3 
 .rodata.__func__.1
                0x100083b0        0xa CMakeFiles/pico-sc.dir/C_/Users/Soji/src/pico/downloads/pico-sdk/lib/tinyusb/src/class/cdc/cdc_device.c.obj
 *fill*         0x100083ba        0x2 
 .rodata.__func__.2
                0x100083bc       0x16 CMakeFiles/pico-sc.dir/C_/Users/Soji/src/pico/downloads/pico-sdk/lib/tinyusb/src/class/cdc/cdc_device.c.obj
 .rodata.tusb_init.str1.4
                0x100083d2       0x17 CMakeFiles/pico-sc.dir/C_/Users/Soji/src/pico/downloads/pico-sdk/lib/tinyusb/src/tusb.c.obj
 *fill*         0x100083d2        0x2 
 .rodata.__func__.0
                0x100083d4       0x11 CMakeFiles/pico-sc.dir/C_/Users/Soji/src/pico/downloads/pico-sdk/lib/tinyusb/src/tusb.c.obj
 *fill*         0x100083e5        0x3 
 .rodata.__func__.1
                0x100083e8        0xa CMakeFiles/pico-sc.dir/C_/Users/Soji/src/pico/downloads/pico-sdk/lib/tinyusb/src/tusb.c.obj
 *fill*         0x100083f2        0x2 
 .rodata.pico_get_unique_board_id_string.str1.4
                0x100083f4       0x5c CMakeFiles/pico-sc.dir/C_/Users/Soji/src/pico/downloads/pico-sdk/src/rp2_common/pico_unique_id/unique_id.c.obj
 .rodata.__func__.0
                0x10008450       0x20 CMakeFiles/pico-sc.dir/C_/Users/Soji/src/pico/downloads/pico-sdk/src/rp2_common/pico_unique_id/unique_id.c.obj
 .rodata.str1.4
                0x10008470      0x166 CMakeFiles/pico-sc.dir/C_/Users/Soji/src/pico/downloads/pico-sdk/src/rp2_common/hardware_flash/flash.c.obj
 *fill*         0x100085d6        0x2 
 .rodata.__func__.0
                0x100085d8        0xd CMakeFiles/pico-sc.dir/C_/Users/Soji/src/pico/downloads/pico-sdk/src/rp2_common/hardware_flash/flash.c.obj
                0x100085e8                . = ALIGN (0x4)
 *fill*         0x100085e5        0x3 
 *(SORT_BY_ALIGNMENT(SORT_BY_NAME(.flashdata*)))
                0x100085e8                . = ALIGN (0x4)

.rel.dyn        0x100085e8        0x0
 .rel.iplt      0x100085e8        0x0 c:/progra~2/gnuarm~1/102021~1.10/bin/../lib/gcc/arm-none-eabi/10.3.1/thumb/v6-m/nofp/crtbegin.o

.ARM.extab
 *(.ARM.extab* .gnu.linkonce.armextab.*)
                0x100085e8                __exidx_start = .

.ARM.exidx
 *(.ARM.exidx* .gnu.linkonce.armexidx.*)
                0x100085e8                __exidx_end = .
                0x100085e8                . = ALIGN (0x4)
                0x100085e8                __binary_info_start = .

.binary_info    0x100085e8       0x20
 *(.binary_info.keep.*)
 .binary_info.keep.__bi_ptr22
                0x100085e8        0x4 CMakeFiles/pico-sc.dir/C_/Users/Soji/src/pico/downloads/pico-sdk/src/rp2_common/pico_standard_link/binary_info.c.obj
 .binary_info.keep.__bi_ptr30
                0x100085ec        0x4 CMakeFiles/pico-sc.dir/C_/Users/Soji/src/pico/downloads/pico-sdk/src/rp2_common/pico_standard_link/binary_info.c.obj
 .binary_info.keep.__bi_ptr38
                0x100085f0        0x4 CMakeFiles/pico-sc.dir/C_/Users/Soji/src/pico/downloads/pico-sdk/src/rp2_common/pico_standard_link/binary_info.c.obj
 .binary_info.keep.__bi_ptr44
                0x100085f4        0x4 CMakeFiles/pico-sc.dir/C_/Users/Soji/src/pico/downloads/pico-sdk/src/rp2_common/pico_standard_link/binary_info.c.obj
 .binary_info.keep.__bi_ptr50
                0x100085f8        0x4 CMakeFiles/pico-sc.dir/C_/Users/Soji/src/pico/downloads/pico-sdk/src/rp2_common/pico_standard_link/binary_info.c.obj
 .binary_info.keep.__bi_ptr75
                0x100085fc        0x4 CMakeFiles/pico-sc.dir/C_/Users/Soji/src/pico/downloads/pico-sdk/src/rp2_common/pico_standard_link/binary_info.c.obj
 .binary_info.keep.__bi_ptr81
                0x10008600        0x4 CMakeFiles/pico-sc.dir/C_/Users/Soji/src/pico/downloads/pico-sdk/src/rp2_common/pico_standard_link/binary_info.c.obj
 *(.binary_info.*)
 .binary_info.__bi_ptr93
                0x10008604        0x4 CMakeFiles/pico-sc.dir/C_/Users/Soji/src/pico/downloads/pico-sdk/src/rp2_common/pico_stdio_usb/stdio_usb.c.obj
                0x10008608                __binary_info_end = .
                0x10008608                . = ALIGN (0x4)
                0x10008608                __etext = .

.ram_vector_table
                0x20000000       0xc0
 *(.ram_vector_table)
 .ram_vector_table
                0x20000000       0xc0 CMakeFiles/pico-sc.dir/C_/Users/Soji/src/pico/downloads/pico-sdk/src/rp2_common/pico_runtime/runtime.c.obj
                0x20000000                ram_vector_table

.data           0x200000c0      0x460 load address 0x10008608
                0x200000c0                __data_start__ = .
 *(vtable)
 *(.time_critical*)
 .time_critical.mutex_enter_blocking
                0x200000c0       0x48 CMakeFiles/pico-sc.dir/C_/Users/Soji/src/pico/downloads/pico-sdk/src/common/pico_sync/mutex.c.obj
                0x200000c0                mutex_enter_blocking
 .time_critical.mutex_try_enter
                0x20000108       0x46 CMakeFiles/pico-sc.dir/C_/Users/Soji/src/pico/downloads/pico-sdk/src/common/pico_sync/mutex.c.obj
                0x20000108                mutex_try_enter
 *fill*         0x2000014e        0x2 
 .time_critical.mutex_enter_block_until
                0x20000150       0x8c CMakeFiles/pico-sc.dir/C_/Users/Soji/src/pico/downloads/pico-sdk/src/common/pico_sync/mutex.c.obj
                0x20000150                mutex_enter_block_until
 .time_critical.mutex_enter_timeout_ms
                0x200001dc       0x74 CMakeFiles/pico-sc.dir/C_/Users/Soji/src/pico/downloads/pico-sdk/src/common/pico_sync/mutex.c.obj
                0x200001dc                mutex_enter_timeout_ms
 .time_critical.mutex_exit
                0x20000250       0x4c CMakeFiles/pico-sc.dir/C_/Users/Soji/src/pico/downloads/pico-sdk/src/common/pico_sync/mutex.c.obj
                0x20000250                mutex_exit
 .time_critical.flash_init_boot2_copyout
                0x2000029c       0x30 CMakeFiles/pico-sc.dir/C_/Users/Soji/src/pico/downloads/pico-sdk/src/rp2_common/hardware_flash/flash.c.obj
 .time_critical.flash_enable_xip_via_boot2
                0x200002cc       0x10 CMakeFiles/pico-sc.dir/C_/Users/Soji/src/pico/downloads/pico-sdk/src/rp2_common/hardware_flash/flash.c.obj
 .time_critical.flash_cs_force
                0x200002dc       0x28 CMakeFiles/pico-sc.dir/C_/Users/Soji/src/pico/downloads/pico-sdk/src/rp2_common/hardware_flash/flash.c.obj
 .time_critical.flash_do_cmd
                0x20000304       0xd8 CMakeFiles/pico-sc.dir/C_/Users/Soji/src/pico/downloads/pico-sdk/src/rp2_common/hardware_flash/flash.c.obj
                0x20000304                flash_do_cmd
 *(.text*)
 .text          0x200003dc        0x4 c:/progra~2/gnuarm~1/102021~1.10/bin/../lib/gcc/arm-none-eabi/10.3.1/thumb/v6-m/nofp\libgcc.a(_dvmd_tls.o)
                0x200003dc                __aeabi_idiv0
                0x200003dc                __aeabi_ldiv0
 .text.__stub   0x200003e0       0x40 linker stubs
                0x20000420                . = ALIGN (0x4)
 *(.rodata*)
                0x20000420                . = ALIGN (0x4)
 *(.data*)
 .data.striped_spin_lock_num
                0x20000420        0x1 CMakeFiles/pico-sc.dir/C_/Users/Soji/src/pico/downloads/pico-sdk/src/rp2_common/hardware_sync/sync.c.obj
 *fill*         0x20000421        0x3 
 .data.default_alarm_pool
                0x20000424       0x18 CMakeFiles/pico-sc.dir/C_/Users/Soji/src/pico/downloads/pico-sdk/src/common/pico_time/time.c.obj
 .data.default_alarm_pool_heap
                0x2000043c       0x10 CMakeFiles/pico-sc.dir/C_/Users/Soji/src/pico/downloads/pico-sdk/src/common/pico_time/time.c.obj
 .data          0x2000044c       0x48 CMakeFiles/pico-sc.dir/C_/Users/Soji/src/pico/downloads/pico-sdk/src/rp2_common/hardware_irq/irq_handler_chain.S.obj
                0x2000044c                irq_handler_chain_slots
                0x2000047c                irq_handler_chain_first_slot
                0x20000486                irq_handler_chain_remove_tail
 *fill*         0x20000494        0xc 
 .data.aeabi_bits_funcs
                0x200004a0       0x10 CMakeFiles/pico-sc.dir/C_/Users/Soji/src/pico/downloads/pico-sdk/src/rp2_common/pico_bit_ops/bit_ops_aeabi.S.obj
                0x200004a0                aeabi_bits_funcs
                0x200004b0                aeabi_bits_funcs_end
 .data.aeabi_mem_funcs
                0x200004b0       0x10 CMakeFiles/pico-sc.dir/C_/Users/Soji/src/pico/downloads/pico-sdk/src/rp2_common/pico_mem_ops/mem_ops_aeabi.S.obj
                0x200004b0                aeabi_mem_funcs
                0x200004c0                aeabi_mem_funcs_end
 .data.stdio_usb
                0x200004c0       0x14 CMakeFiles/pico-sc.dir/C_/Users/Soji/src/pico/downloads/pico-sdk/src/rp2_common/pico_stdio_usb/stdio_usb.c.obj
                0x200004c0                stdio_usb
 .data.ep_dir_string
                0x200004d4        0x8 CMakeFiles/pico-sc.dir/C_/Users/Soji/src/pico/downloads/pico-sdk/lib/tinyusb/src/portable/raspberrypi/rp2040/rp2040_usb.c.obj
                0x200004d4                ep_dir_string
 .data._usbd_qdef
                0x200004dc       0x24 CMakeFiles/pico-sc.dir/C_/Users/Soji/src/pico/downloads/pico-sdk/lib/tinyusb/src/device/usbd.c.obj
                0x200004dc                _usbd_qdef
                0x20000500                . = ALIGN (0x4)
 *(.after_data.*)
                0x20000500                . = ALIGN (0x4)
                0x20000500                PROVIDE (__mutex_array_start = .)
 *(SORT_BY_NAME(.mutex_array.*))
 *(.mutex_array)
 .mutex_array   0x20000500        0x8 CMakeFiles/pico-sc.dir/C_/Users/Soji/src/pico/downloads/pico-sdk/src/rp2_common/pico_stdio/stdio.c.obj
                0x20000508                PROVIDE (__mutex_array_end = .)
                0x20000508                . = ALIGN (0x4)
                0x20000508                PROVIDE (__preinit_array_start = .)
 *(SORT_BY_NAME(.preinit_array.*))
 .preinit_array.00001
                0x20000508        0x4 CMakeFiles/pico-sc.dir/C_/Users/Soji/src/pico/downloads/pico-sdk/src/rp2_common/pico_mem_ops/mem_ops_aeabi.S.obj
 .preinit_array.00010
                0x2000050c        0x4 CMakeFiles/pico-sc.dir/C_/Users/Soji/src/pico/downloads/pico-sdk/src/rp2_common/pico_bit_ops/bit_ops_aeabi.S.obj
 .preinit_array.00020
                0x20000510        0x4 CMakeFiles/pico-sc.dir/C_/Users/Soji/src/pico/downloads/pico-sdk/src/rp2_common/pico_double/double_aeabi.S.obj
 .preinit_array.00020
                0x20000514        0x4 CMakeFiles/pico-sc.dir/C_/Users/Soji/src/pico/downloads/pico-sdk/src/rp2_common/pico_float/float_aeabi.S.obj
 *(.preinit_array)
                0x20000518                PROVIDE (__preinit_array_end = .)
                0x20000518                . = ALIGN (0x4)
                0x20000518                PROVIDE (__init_array_start = .)
 *(SORT_BY_NAME(.init_array.*))
 *(.init_array)
 .init_array    0x20000518        0x4 c:/progra~2/gnuarm~1/102021~1.10/bin/../lib/gcc/arm-none-eabi/10.3.1/thumb/v6-m/nofp/crtbegin.o
 .init_array    0x2000051c        0x4 CMakeFiles/pico-sc.dir/C_/Users/Soji/src/pico/downloads/pico-sdk/src/rp2_common/pico_unique_id/unique_id.c.obj
                0x20000520                PROVIDE (__init_array_end = .)
                0x20000520                . = ALIGN (0x4)
                [!provide]                PROVIDE (__fini_array_start = .)
 *(SORT_BY_NAME(.fini_array.*))
 *(.fini_array)
                [!provide]                PROVIDE (__fini_array_end = .)
 *(.jcr)
                0x20000520                . = ALIGN (0x4)
                0x20000520                __data_end__ = .

.igot.plt       0x20000520        0x0 load address 0x10008a68
 .igot.plt      0x20000520        0x0 c:/progra~2/gnuarm~1/102021~1.10/bin/../lib/gcc/arm-none-eabi/10.3.1/thumb/v6-m/nofp/crtbegin.o

.uninitialized_data
                0x20000520        0x0 load address 0x10008a68
                0x20000520                . = ALIGN (0x4)
 *(.uninitialized_data*)

.scratch_x      0x20040000        0x0 load address 0x10008a68
                0x20040000                __scratch_x_start__ = .
 *(.scratch_x.*)
                0x20040000                . = ALIGN (0x4)
                0x20040000                __scratch_x_end__ = .
                0x10008a68                __scratch_x_source__ = LOADADDR (.scratch_x)

.scratch_y      0x20041000        0x0 load address 0x10008a68
                0x20041000                __scratch_y_start__ = .
 *(.scratch_y.*)
                0x20041000                . = ALIGN (0x4)
                0x20041000                __scratch_y_end__ = .
                0x10008a68                __scratch_y_source__ = LOADADDR (.scratch_y)

.bss            0x20000520      0xd7c
                0x20000520                . = ALIGN (0x4)
                0x20000520                __bss_start__ = .
 *(SORT_BY_ALIGNMENT(SORT_BY_NAME(.bss*)))
 .bss.default_alarm_pool_entries
                0x20000520      0x100 CMakeFiles/pico-sc.dir/C_/Users/Soji/src/pico/downloads/pico-sdk/src/common/pico_time/time.c.obj
 .bss.last_avail_time.2
                0x20000620        0x8 CMakeFiles/pico-sc.dir/C_/Users/Soji/src/pico/downloads/pico-sdk/src/rp2_common/pico_stdio_usb/stdio_usb.c.obj
 .bss           0x20000628       0x1c c:/progra~2/gnuarm~1/102021~1.10/bin/../lib/gcc/arm-none-eabi/10.3.1/thumb/v6-m/nofp/crtbegin.o
 .bss._app_driver
                0x20000644        0x4 CMakeFiles/pico-sc.dir/C_/Users/Soji/src/pico/downloads/pico-sdk/lib/tinyusb/src/device/usbd.c.obj
 .bss._cdcd_itf
                0x20000648      0x2d8 CMakeFiles/pico-sc.dir/C_/Users/Soji/src/pico/downloads/pico-sdk/lib/tinyusb/src/class/cdc/cdc_device.c.obj
 .bss._ctrl_xfer